Component: ARM Compiler 5.06 update 1 (build 61) Tool: armlink [4d35a8]

==============================================================================

Section Cross References

    startup_stm32f10x_hd.o(RESET) refers to startup_stm32f10x_hd.o(STACK) for __initial_sp
    startup_stm32f10x_hd.o(RESET) refers to startup_stm32f10x_hd.o(.text) for Reset_Handler
    startup_stm32f10x_hd.o(RESET) refers to stm32f10x_it.o(i.NMI_Handler) for NMI_Handler
    startup_stm32f10x_hd.o(RESET) refers to stm32f10x_it.o(i.HardFault_Handler) for HardFault_Handler
    startup_stm32f10x_hd.o(RESET) refers to stm32f10x_it.o(i.MemManage_Handler) for MemManage_Handler
    startup_stm32f10x_hd.o(RESET) refers to stm32f10x_it.o(i.BusFault_Handler) for BusFault_Handler
    startup_stm32f10x_hd.o(RESET) refers to stm32f10x_it.o(i.UsageFault_Handler) for UsageFault_Handler
    startup_stm32f10x_hd.o(RESET) refers to stm32f10x_it.o(i.SVC_Handler) for SVC_Handler
    startup_stm32f10x_hd.o(RESET) refers to stm32f10x_it.o(i.DebugMon_Handler) for DebugMon_Handler
    startup_stm32f10x_hd.o(RESET) refers to os_cpu_a.o(CODE) for OS_CPU_PendSVHandler
    startup_stm32f10x_hd.o(RESET) refers to os_cpu_c.o(i.OS_CPU_SysTickHandler) for OS_CPU_SysTickHandler
    startup_stm32f10x_hd.o(.text) refers to system_stm32f10x.o(i.SystemInit) for SystemInit
    startup_stm32f10x_hd.o(.text) refers to entry.o(.ARM.Collect$$$$00000000) for __main
    system_stm32f10x.o(i.SetSysClock) refers to system_stm32f10x.o(i.SetSysClockTo72) for SetSysClockTo72
    system_stm32f10x.o(i.SystemCoreClockUpdate) refers to system_stm32f10x.o(.data) for SystemCoreClock
    system_stm32f10x.o(i.SystemInit) refers to system_stm32f10x.o(i.SetSysClock) for SetSysClock
    stm32f10x_adc.o(i.ADC_DeInit) refers to stm32f10x_rcc.o(i.RCC_APB2PeriphResetCmd) for RCC_APB2PeriphResetCmd
    stm32f10x_bkp.o(i.BKP_DeInit) refers to stm32f10x_rcc.o(i.RCC_BackupResetCmd) for RCC_BackupResetCmd
    stm32f10x_can.o(i.CAN_DeInit) refers to stm32f10x_rcc.o(i.RCC_APB1PeriphResetCmd) for RCC_APB1PeriphResetCmd
    stm32f10x_can.o(i.CAN_GetITStatus) refers to stm32f10x_can.o(i.CheckITStatus) for CheckITStatus
    stm32f10x_cec.o(i.CEC_DeInit) refers to stm32f10x_rcc.o(i.RCC_APB1PeriphResetCmd) for RCC_APB1PeriphResetCmd
    stm32f10x_dac.o(i.DAC_DeInit) refers to stm32f10x_rcc.o(i.RCC_APB1PeriphResetCmd) for RCC_APB1PeriphResetCmd
    stm32f10x_flash.o(i.FLASH_EnableWriteProtection) refers to stm32f10x_flash.o(i.FLASH_WaitForLastOperation) for FLASH_WaitForLastOperation
    stm32f10x_flash.o(i.FLASH_EraseAllBank1Pages) refers to stm32f10x_flash.o(i.FLASH_WaitForLastBank1Operation) for FLASH_WaitForLastBank1Operation
    stm32f10x_flash.o(i.FLASH_EraseAllPages) refers to stm32f10x_flash.o(i.FLASH_WaitForLastOperation) for FLASH_WaitForLastOperation
    stm32f10x_flash.o(i.FLASH_EraseOptionBytes) refers to stm32f10x_flash.o(i.FLASH_GetReadOutProtectionStatus) for FLASH_GetReadOutProtectionStatus
    stm32f10x_flash.o(i.FLASH_EraseOptionBytes) refers to stm32f10x_flash.o(i.FLASH_WaitForLastOperation) for FLASH_WaitForLastOperation
    stm32f10x_flash.o(i.FLASH_ErasePage) refers to stm32f10x_flash.o(i.FLASH_WaitForLastOperation) for FLASH_WaitForLastOperation
    stm32f10x_flash.o(i.FLASH_ProgramHalfWord) refers to stm32f10x_flash.o(i.FLASH_WaitForLastOperation) for FLASH_WaitForLastOperation
    stm32f10x_flash.o(i.FLASH_ProgramOptionByteData) refers to stm32f10x_flash.o(i.FLASH_WaitForLastOperation) for FLASH_WaitForLastOperation
    stm32f10x_flash.o(i.FLASH_ProgramWord) refers to stm32f10x_flash.o(i.FLASH_WaitForLastOperation) for FLASH_WaitForLastOperation
    stm32f10x_flash.o(i.FLASH_ReadOutProtection) refers to stm32f10x_flash.o(i.FLASH_WaitForLastOperation) for FLASH_WaitForLastOperation
    stm32f10x_flash.o(i.FLASH_UserOptionByteConfig) refers to stm32f10x_flash.o(i.FLASH_WaitForLastOperation) for FLASH_WaitForLastOperation
    stm32f10x_flash.o(i.FLASH_WaitForLastBank1Operation) refers to stm32f10x_flash.o(i.FLASH_GetBank1Status) for FLASH_GetBank1Status
    stm32f10x_flash.o(i.FLASH_WaitForLastOperation) refers to stm32f10x_flash.o(i.FLASH_GetBank1Status) for FLASH_GetBank1Status
    stm32f10x_gpio.o(i.GPIO_AFIODeInit) refers to stm32f10x_rcc.o(i.RCC_APB2PeriphResetCmd) for RCC_APB2PeriphResetCmd
    stm32f10x_gpio.o(i.GPIO_DeInit) refers to stm32f10x_rcc.o(i.RCC_APB2PeriphResetCmd) for RCC_APB2PeriphResetCmd
    stm32f10x_i2c.o(i.I2C_DeInit) refers to stm32f10x_rcc.o(i.RCC_APB1PeriphResetCmd) for RCC_APB1PeriphResetCmd
    stm32f10x_i2c.o(i.I2C_Init) refers to stm32f10x_rcc.o(i.RCC_GetClocksFreq) for RCC_GetClocksFreq
    stm32f10x_pwr.o(i.PWR_DeInit) refers to stm32f10x_rcc.o(i.RCC_APB1PeriphResetCmd) for RCC_APB1PeriphResetCmd
    stm32f10x_rcc.o(i.RCC_GetClocksFreq) refers to stm32f10x_rcc.o(.data) for APBAHBPrescTable
    stm32f10x_rcc.o(i.RCC_WaitForHSEStartUp) refers to stm32f10x_rcc.o(i.RCC_GetFlagStatus) for RCC_GetFlagStatus
[...]
    i.OSTimeDly                              0x08003860   Section        0  os_time.o(i.OSTimeDly)
    i.OSTimeTick                             0x080039b0   Section        0  os_time.o(i.OSTimeTick)
    i.OSTimeTickHook                         0x080039f4   Section        0  os_cpu_c.o(i.OSTimeTickHook)
    i.OS_CPU_SysTickHandler                  0x08003a08   Section        0  os_cpu_c.o(i.OS_CPU_SysTickHandler)
    i.OS_CPU_SysTickInit                     0x08003a48   Section        0  os_cpu_c.o(i.OS_CPU_SysTickInit)
    i.OS_Dbg_Init                            0x08003a78   Section        0  os_dbg.o(i.OS_Dbg_Init)
    i.OS_FlagInit                            0x08003c2c   Section        0  os_flag.o(i.OS_FlagInit)
    i.OS_FlagPost                            0x08003c44   Section        0  os_flag.o(i.OS_FlagPost)
    i.OS_FlagTaskRdy                         0x08003ec0   Section        0  os_flag.o(i.OS_FlagTaskRdy)
    i.OS_IdleTask                            0x08003f18   Section        0  os_core.o(i.OS_IdleTask)
    i.OS_IdleTaskInit                        0x08003f64   Section        0  os_core.o(i.OS_IdleTaskInit)
    i.OS_IntQPost                            0x08003fd4   Section        0  os_int.o(i.OS_IntQPost)
    i.OS_IntQRePost                          0x080040d8   Section        0  os_int.o(i.OS_IntQRePost)
    i.OS_IntQTask                            0x0800427c   Section        0  os_int.o(i.OS_IntQTask)
    i.OS_IntQTaskInit                        0x08004344   Section        0  os_int.o(i.OS_IntQTaskInit)
    i.OS_MemInit                             0x0800446c   Section        0  os_mem.o(i.OS_MemInit)
    i.OS_MsgPoolInit                         0x08004484   Section        0  os_msg.o(i.OS_MsgPoolInit)
    i.OS_MsgQFreeAll                         0x08004500   Section        0  os_msg.o(i.OS_MsgQFreeAll)
    i.OS_MsgQInit                            0x08004544   Section        0  os_msg.o(i.OS_MsgQInit)
    i.OS_MsgQPut                             0x08004554   Section        0  os_msg.o(i.OS_MsgQPut)
    i.OS_MutexInit                           0x08004658   Section        0  os_mutex.o(i.OS_MutexInit)
    i.OS_Pend                                0x08004670   Section        0  os_core.o(i.OS_Pend)
    i.OS_PendDataInit                        0x080046d8   Section        0  os_core.o(i.OS_PendDataInit)
    i.OS_PendDbgNameAdd                      0x08004700   Section        0  os_core.o(i.OS_PendDbgNameAdd)
    i.OS_PendDbgNameRemove                   0x0800475c   Section        0  os_core.o(i.OS_PendDbgNameRemove)
    i.OS_PendListInsertPrio                  0x08004780   Section        0  os_core.o(i.OS_PendListInsertPrio)
    i.OS_PendListRemove                      0x080047e6   Section        0  os_core.o(i.OS_PendListRemove)
    i.OS_PendListRemove1                     0x08004816   Section        0  os_core.o(i.OS_PendListRemove1)
    i.OS_Post                                0x08004858   Section        0  os_core.o(i.OS_Post)
    i.OS_Post1                               0x08004918   Section        0  os_core.o(i.OS_Post1)
    i.OS_PrioGetHighest                      0x08004944   Section        0  os_prio.o(i.OS_PrioGetHighest)
    i.OS_PrioInit                            0x0800496c   Section        0  os_prio.o(i.OS_PrioInit)
    i.OS_PrioInsert                          0x08004984   Section        0  os_prio.o(i.OS_PrioInsert)
    i.OS_PrioRemove                          0x080049a8   Section        0  os_prio.o(i.OS_PrioRemove)
    i.OS_QInit                               0x080049cc   Section        0  os_q.o(i.OS_QInit)
    i.OS_QPost                               0x080049e4   Section        0  os_q.o(i.OS_QPost)
    i.OS_RdyListInit                         0x08004b6c   Section        0  os_core.o(i.OS_RdyListInit)
    i.OS_RdyListInsert                       0x08004b90   Section        0  os_core.o(i.OS_RdyListInsert)
    i.OS_RdyListInsertHead                   0x08004bbc   Section        0  os_core.o(i.OS_RdyListInsertHead)
    i.OS_RdyListInsertTail                   0x08004bfc   Section        0  os_core.o(i.OS_RdyListInsertTail)
    i.OS_RdyListMoveHeadToTail               0x08004c38   Section        0  os_core.o(i.OS_RdyListMoveHeadToTail)
    i.OS_RdyListRemove                       0x08004c7c   Section        0  os_core.o(i.OS_RdyListRemove)
    i.OS_Sched0                              0x08004cd8   Section        0  os_core.o(i.OS_Sched0)
    i.OS_SchedLockTimeMeasStart              0x08004d34   Section        0  os_core.o(i.OS_SchedLockTimeMeasStart)
    i.OS_SchedLockTimeMeasStop               0x08004d50   Section        0  os_core.o(i.OS_SchedLockTimeMeasStop)
    i.OS_SchedRoundRobin                     0x08004d8c   Section        0  os_core.o(i.OS_SchedRoundRobin)
    i.OS_SemInit                             0x08004e78   Section        0  os_sem.o(i.OS_SemInit)
    i.OS_SemPost                             0x08004e90   Section        0  os_sem.o(i.OS_SemPost)
    i.OS_StatTask                            0x08005028   Section        0  os_stat.o(i.OS_StatTask)
    i.OS_StatTaskInit                        0x080053e0   Section        0  os_stat.o(i.OS_StatTaskInit)
    i.OS_TaskBlock                           0x080054ac   Section        0  os_core.o(i.OS_TaskBlock)
    i.OS_TaskDbgListAdd                      0x080054e4   Section        0  os_task.o(i.OS_TaskDbgListAdd)
    i.OS_TaskDbgListRemove                   0x08005514   Section        0  os_task.o(i.OS_TaskDbgListRemove)
    i.OS_TaskInit                            0x08005558   Section        0  os_task.o(i.OS_TaskInit)
    i.OS_TaskInitTCB                         0x08005578   Section        0  os_task.o(i.OS_TaskInitTCB)
    i.OS_TaskQPost                           0x08005648   Section        0  os_task.o(i.OS_TaskQPost)
    i.OS_TaskRdy                             0x080058b4   Section        0  os_core.o(i.OS_TaskRdy)
    i.OS_TaskResume                          0x080058d0   Section        0  os_task.o(i.OS_TaskResume)
    i.OS_TaskReturn                          0x08005a4c   Section        0  os_task.o(i.OS_TaskReturn)
    i.OS_TaskSemPost                         0x08005a64   Section        0  os_task.o(i.OS_TaskSemPost)
    i.OS_TaskSuspend                         0x0800600c   Section        0  os_task.o(i.OS_TaskSuspend)
    i.OS_TickListInit                        0x0800619c   Section        0  os_tick.o(i.OS_TickListInit)
    i.OS_TickListInsert                      0x080061c4   Section        0  os_tick.o(i.OS_TickListInsert)
    i.OS_TickListRemove                      0x08006380   Section        0  os_tick.o(i.OS_TickListRemove)
    i.OS_TickListResetPeak                   0x080063b8   Section        0  os_tick.o(i.OS_TickListResetPeak)
    i.OS_TickListUpdate                      0x080063dc   Section        0  os_tick.o(i.OS_TickListUpdate)
    i.OS_TickTask                            0x080065fc   Section        0  os_tick.o(i.OS_TickTask)
    i.OS_TickTaskInit                        0x08006628   Section        0  os_tick.o(i.OS_TickTaskInit)
    i.OS_TmrInit                             0x080066e0   Section        0  os_tmr.o(i.OS_TmrInit)
    i.OS_TmrLink                             0x08006808   Section        0  os_tmr.o(i.OS_TmrLink)
    i.OS_TmrResetPeak                        0x080068d8   Section        0  os_tmr.o(i.OS_TmrResetPeak)
    i.OS_TmrTask                             0x080068fc   Section        0  os_tmr.o(i.OS_TmrTask)
    i.OS_TmrUnlink                           0x080069bc   Section        0  os_tmr.o(i.OS_TmrUnlink)
    i.RCC_AHBPeriphClockCmd                  0x08006a0c   Section        0  stm32f10x_rcc.o(i.RCC_AHBPeriphClockCmd)
    i.RCC_APB2PeriphClockCmd                 0x08006a2c   Section        0  stm32f10x_rcc.o(i.RCC_APB2PeriphClockCmd)
    i.RCC_GetClocksFreq                      0x08006a4c   Section        0  stm32f10x_rcc.o(i.RCC_GetClocksFreq)
    i.Rectangle                              0x08006b20   Section        0  bullet.o(i.Rectangle)
    i.SVC_Handler                            0x08006b44   Section        0  stm32f10x_it.o(i.SVC_Handler)
    i.SetSysClock                            0x08006b46   Section        0  system_stm32f10x.o(i.SetSysClock)
    SetSysClock                              0x08006b47   Thumb Code     8  system_stm32f10x.o(i.SetSysClock)
    i.SetSysClockTo72                        0x08006b50   Section        0  system_stm32f10x.o(i.SetSysClockTo72)
    SetSysClockTo72                          0x08006b51   Thumb Code   214  system_stm32f10x.o(i.SetSysClockTo72)
    i.SystemInit                             0x08006c30   Section        0  system_stm32f10x.o(i.SystemInit)
    i.Tank_change                            0x08006c90   Section        0  bullet.o(i.Tank_change)
    i.Tank_eatPackage                        0x08006ce8   Section        0  bullet.o(i.Tank_eatPackage)
    i.Tank_move                              0x08006d1c   Section        0  element.o(i.Tank_move)
    i.Tank_turn                              0x08007518   Section        0  element.o(i.Tank_turn)
    i.UsageFault_Handler                     0x08007894   Section        0  stm32f10x_it.o(i.UsageFault_Handler)
    i.__scatterload_copy                     0x08007898   Section       14  handlers.o(i.__scatterload_copy)
    i.__scatterload_null                     0x080078a6   Section        2  handlers.o(i.__scatterload_null)
    i.__scatterload_zeroinit                 0x080078a8   Section       14  handlers.o(i.__scatterload_zeroinit)
    i.clear_3_Bullet                         0x080078b6   Section        0  bullet.o(i.clear_3_Bullet)
    i.clear_heavy_Bullet                     0x0800798a   Section        0  bullet.o(i.clear_heavy_Bullet)
    i.clear_package                          0x08007aa0   Section        0  bullet.o(i.clear_package)
    i.creat_package                          0x08007abc   Section        0  bullet.o(i.creat_package)
    i.delay                                  0x08007b5c   Section        0  element.o(i.delay)
    i.draw_3_Bullet                          0x08007b6e   Section        0  bullet.o(i.draw_3_Bullet)
    i.draw_Bullet                            0x08007c74   Section        0  bullet.o(i.draw_Bullet)
    i.draw_Tank                              0x08007cfc   Section        0  element.o(i.draw_Tank)
    i.draw_heavy_Bullet                      0x080083a8   Section        0  bullet.o(i.draw_heavy_Bullet)
    i.draw_package                           0x080084ee   Section        0  bullet.o(i.draw_package)
    i.is_Wall                                0x08008aa2   Section        0  element.o(i.is_Wall)
    i.main                                   0x08008b84   Section        0  app.o(i.main)
    i.map                                    0x08008ca4   Section        0  map.o(i.map)
    i.map_end                                0x08008cfc   Section        0  map.o(i.map_end)
    i.map_start                              0x08008d54   Section        0  map.o(i.map_start)
    i.sort                                   0x08008dac   Section        0  element.o(i.sort)
    .constdata                               0x08008dd0   Section       80  app.o(.constdata)
    .constdata                               0x08008e20   Section    15200  fonts.o(.constdata)
    .constdata                               0x0800c980   Section    460800  map.o(.constdata)
    .constdata                               0x0807d180   Section      164  os_cfg_app.o(.constdata)
    .constdata                               0x0807d224   Section      364  os_dbg.o(.constdata)
    .data                                    0x20000000   Section       20  stm32f10x_rcc.o(.data)
    APBAHBPrescTable                         0x20000000   Data          16  stm32f10x_rcc.o(.data)
    ADCPrescTable                            0x20000010   Data           4  stm32f10x_rcc.o(.data)
    .data                                    0x20000014   Section       14  app.o(.data)
    .data                                    0x20000024   Section       16  bsp_ili9341_lcd.o(.data)
    LCD_Currentfonts                         0x2000002c   Data           4  bsp_ili9341_lcd.o(.data)
    CurrentTextColor                         0x20000030   Data           2  bsp_ili9341_lcd.o(.data)
    CurrentBackColor                         0x20000032   Data           2  bsp_ili9341_lcd.o(.data)
    .data                                    0x20000034   Section       24  fonts.o(.data)
    .data                                    0x2000004c   Section        8  bullet.o(.data)
    .data                                    0x20000054   Section        4  element.o(.data)
    .data                                    0x20000058   Section       28  cpu_core.o(.data)
    .data                                    0x20000074   Section        4  lib_mem.o(.data)
    .data                                    0x20000078   Section        4  os_prio.o(.data)
    .data                                    0x2000007c   Section      208  os_var.o(.data)
    .data                                    0x2000014c   Section        4  os_cpu_c.o(.data)
    .data                                    0x20000150   Section        4  rand.o(.data)
    _rand_state                              0x20000150   Data           4  rand.o(.data)
    .bss                                     0x20000154   Section    18056  app.o(.bss)
    AppTaskStartTCB                          0x200004d4   Data         200  app.o(.bss)
    AppTaskStartGameTCB                      0x2000059c   Data         200  app.o(.bss)
    AppTaskPad1TCB                           0x20000664   Data         200  app.o(.bss)
    AppTaskPad2TCB                           0x2000072c   Data         200  app.o(.bss)
    AppTaskBulletTCB                         0x200007f4   Data         200  app.o(.bss)
    AppTaskPackageTCB                        0x200008bc   Data         200  app.o(.bss)
    AppTaskAstarTCB                          0x20000984   Data         200  app.o(.bss)
    AppTaskAstar_BTCB                        0x20000a4c   Data         200  app.o(.bss)
    AppTaskDeadTCB                           0x20000b14   Data         200  app.o(.bss)
    AppTaskStartStk                          0x20000bdc   Data         512  app.o(.bss)
    AppTaskStartGameStk                      0x20000ddc   Data         512  app.o(.bss)
    AppTaskPad1Stk                           0x20000fdc   Data        2048  app.o(.bss)
    AppTaskPad2Stk                           0x200017dc   Data        2048  app.o(.bss)
    AppTaskBulletStk                         0x20001fdc   Data        2048  app.o(.bss)
    AppTaskPackageStk                        0x200027dc   Data        2048  app.o(.bss)
    AppTaskAstarStk                          0x20002fdc   Data        2048  app.o(.bss)
    AppTaskAstar_BStk                        0x200037dc   Data        2048  app.o(.bss)
    AppTaskDeadStk                           0x20003fdc   Data        2048  app.o(.bss)
    .bss                                     0x200047dc   Section       16  cpu_core.o(.bss)
    .bss                                     0x200047ec   Section    27720  lib_mem.o(.bss)
    .bss                                     0x2000b434   Section     5264  os_cfg_app.o(.bss)
    .bss                                     0x2000c8c4   Section     1396  os_var.o(.bss)
    STACK                                    0x2000ce38   Section     1024  startup_stm32f10x_hd.o(STACK)

    Global Symbols

    Symbol Name                              Value     Ov Type        Size  Object(Section)

    BuildAttributes$$THM_ISAv4$P$D$K$B$S$PE$A:L22UL41UL21$X:L11$S22US41US21$IEEE1$IW$USESV6$~STKCKD$USESV7$~SHL$OSPACE$EBA8$MICROLIB$REQ8$PRES8$EABIv2 0x00000000   Number         0  anon$$obj.o ABSOLUTE
    __ARM_use_no_argv                        0x00000000   Number         0  app.o ABSOLUTE
    __cpp_initialize__aeabi_                  - Undefined Weak Reference
    __cxa_finalize                            - Undefined Weak Reference
    _clock_init                               - Undefined Weak Reference
    _microlib_exit                            - Undefined Weak Reference
    __Vectors_Size                           0x00000130   Number         0  startup_stm32f10x_hd.o ABSOLUTE
    __Vectors                                0x08000000   Data           4  startup_stm32f10x_hd.o(RESET)
    __Vectors_End                            0x08000130   Data           0  startup_stm32f10x_hd.o(RESET)
    __main                                   0x08000131   Thumb Code     0  entry.o(.ARM.Collect$$$$00000000)
    _main_stk                                0x08000131   Thumb Code     0  entry2.o(.ARM.Collect$$$$00000001)
    _main_scatterload                        0x08000135   Thumb Code     0  entry5.o(.ARM.Collect$$$$00000004)
    __main_after_scatterload                 0x08000139   Thumb Code     0  entry5.o(.ARM.Collect$$$$00000004)
    _main_clock                              0x08000139   Thumb Code     0  entry7b.o(.ARM.Collect$$$$00000008)
    _main_cpp_init                           0x08000139   Thumb Code     0  entry8b.o(.ARM.Collect$$$$0000000A)
    _main_init                               0x08000139   Thumb Code     0  entry9a.o(.ARM.Collect$$$$0000000B)
    __rt_final_cpp                           0x08000141   Thumb Code     0  entry10a.o(.ARM.Collect$$$$0000000D)
    __rt_final_exit                          0x08000141   Thumb Code     0  entry11a.o(.ARM.Collect$$$$0000000F)
    Reset_Handler                            0x08000145   Thumb Code     8  startup_stm32f10x_hd.o(.text)
    ADC1_2_IRQHandler                        0x0800015f   Thumb Code     0  startup_stm32f10x_hd.o(.text)
    ADC3_IRQHandler                          0x0800015f   Thumb Code     0  startup_stm32f10x_hd.o(.text)
    CAN1_RX1_IRQHandler                      0x0800015f   Thumb Code     0  startup_stm32f10x_hd.o(.text)
    CAN1_SCE_IRQHandler                      0x0800015f   Thumb Code     0  startup_stm32f10x_hd.o(.text)
    DMA1_Channel1_IRQHandler                 0x0800015f   Thumb Code     0  startup_stm32f10x_hd.o(.text)
    DMA1_Channel2_IRQHandler                 0x0800015f   Thumb Code     0  startup_stm32f10x_hd.o(.text)
    DMA1_Channel3_IRQHandler                 0x0800015f   Thumb Code     0  startup_stm32f10x_hd.o(.text)
    DMA1_Channel4_IRQHandler                 0x0800015f   Thumb Code     0  startup_stm32f10x_hd.o(.text)
    DMA1_Channel5_IRQHandler                 0x0800015f   Thumb Code     0  startup_stm32f10x_hd.o(.text)
    DMA1_Channel6_IRQHandler                 0x0800015f   Thumb Code     0  startup_stm32f10x_hd.o(.text)
    DMA1_Channel7_IRQHandler                 0x0800015f   Thumb Code     0  startup_stm32f10x_hd.o(.text)
    DMA2_Channel1_IRQHandler                 0x0800015f   Thumb Code     0  startup_stm32f10x_hd.o(.text)
    DMA2_Channel2_IRQHandler                 0x0800015f   Thumb Code     0  startup_stm32f10x_hd.o(.text)
    DMA2_Channel3_IRQHandler                 0x0800015f   Thumb Code     0  startup_stm32f10x_hd.o(.text)
    DMA2_Channel4_5_IRQHandler               0x0800015f   Thumb Code     0  startup_stm32f10x_hd.o(.text)
    EXTI0_IRQHandler                         0x0800015f   Thumb Code     0  startup_stm32f10x_hd.o(.text)
    EXTI15_10_IRQHandler                     0x0800015f   Thumb Code     0  startup_stm32f10x_hd.o(.text)
    EXTI1_IRQHandler                         0x0800015f   Thumb Code     0  startup_stm32f10x_hd.o(.text)
    EXTI2_IRQHandler                         0x0800015f   Thumb Code     0  startup_stm32f10x_hd.o(.text)
    EXTI3_IRQHandler                         0x0800015f   Thumb Code     0  startup_stm32f10x_hd.o(.text)
    EXTI4_IRQHandler                         0x0800015f   Thumb Code     0  startup_stm32f10x_hd.o(.text)
    EXTI9_5_IRQHandler                       0x0800015f   Thumb Code     0  startup_stm32f10x_hd.o(.text)
    FLASH_IRQHandler                         0x0800015f   Thumb Code     0  startup_stm32f10x_hd.o(.text)
    FSMC_IRQHandler                          0x0800015f   Thumb Code     0  startup_stm32f10x_hd.o(.text)
    I2C1_ER_IRQHandler                       0x0800015f   Thumb Code     0  startup_stm32f10x_hd.o(.text)
    I2C1_EV_IRQHandler                       0x0800015f   Thumb Code     0  startup_stm32f10x_hd.o(.text)
    I2C2_ER_IRQHandler                       0x0800015f   Thumb Code     0  startup_stm32f10x_hd.o(.text)
    I2C2_EV_IRQHandler                       0x0800015f   Thumb Code     0  startup_stm32f10x_hd.o(.text)
    PVD_IRQHandler                           0x0800015f   Thumb Code     0  startup_stm32f10x_hd.o(.text)
    RCC_IRQHandler                           0x0800015f   Thumb Code     0  startup_stm32f10x_hd.o(.text)
    RTCAlarm_IRQHandler                      0x0800015f   Thumb Code     0  startup_stm32f10x_hd.o(.text)
    RTC_IRQHandler                           0x0800015f   Thumb Code     0  startup_stm32f10x_hd.o(.text)
    SDIO_IRQHandler                          0x0800015f   Thumb Code     0  startup_stm32f10x_hd.o(.text)
    SPI1_IRQHandler                          0x0800015f   Thumb Code     0  startup_stm32f10x_hd.o(.text)
    SPI2_IRQHandler                          0x0800015f   Thumb Code     0  startup_stm32f10x_hd.o(.text)
    SPI3_IRQHandler                          0x0800015f   Thumb Code     0  startup_stm32f10x_hd.o(.text)
    TAMPER_IRQHandler                        0x0800015f   Thumb Code     0  startup_stm32f10x_hd.o(.text)
    TIM1_BRK_IRQHandler                      0x0800015f   Thumb Code     0  startup_stm32f10x_hd.o(.text)
    TIM1_CC_IRQHandler                       0x0800015f   Thumb Code     0  startup_stm32f10x_hd.o(.text)
    TIM1_TRG_COM_IRQHandler                  0x0800015f   Thumb Code     0  startup_stm32f10x_hd.o(.text)
    TIM1_UP_IRQHandler                       0x0800015f   Thumb Code     0  startup_stm32f10x_hd.o(.text)
    TIM2_IRQHandler                          0x0800015f   Thumb Code     0  startup_stm32f10x_hd.o(.text)
    TIM3_IRQHandler                          0x0800015f   Thumb Code     0  startup_stm32f10x_hd.o(.text)
    TIM4_IRQHandler                          0x0800015f   Thumb Code     0  startup_stm32f10x_hd.o(.text)
    TIM5_IRQHandler                          0x0800015f   Thumb Code     0  startup_stm32f10x_hd.o(.text)
    TIM6_IRQHandler                          0x0800015f   Thumb Code     0  startup_stm32f10x_hd.o(.text)
    TIM7_IRQHandler                          0x0800015f   Thumb Code     0  startup_stm32f10x_hd.o(.text)
    TIM8_BRK_IRQHandler                      0x0800015f   Thumb Code     0  startup_stm32f10x_hd.o(.text)
    TIM8_CC_IRQHandler                       0x0800015f   Thumb Code     0  startup_stm32f10x_hd.o(.text)
    TIM8_TRG_COM_IRQHandler                  0x0800015f   Thumb Code     0  startup_stm32f10x_hd.o(.text)
    TIM8_UP_IRQHandler                       0x0800015f   Thumb Code     0  startup_stm32f10x_hd.o(.text)
    UART4_IRQHandler                         0x0800015f   Thumb Code     0  startup_stm32f10x_hd.o(.text)
    UART5_IRQHandler                         0x0800015f   Thumb Code     0  startup_stm32f10x_hd.o(.text)
    USART1_IRQHandler                        0x0800015f   Thumb Code     0  startup_stm32f10x_hd.o(.text)
    USART2_IRQHandler                        0x0800015f   Thumb Code     0  startup_stm32f10x_hd.o(.text)
    USART3_IRQHandler                        0x0800015f   Thumb Code     0  startup_stm32f10x_hd.o(.text)
    USBWakeUp_IRQHandler                     0x0800015f   Thumb Code     0  startup_stm32f10x_hd.o(.text)
    USB_HP_CAN1_TX_IRQHandler                0x0800015f   Thumb Code     0  startup_stm32f10x_hd.o(.text)
    USB_LP_CAN1_RX0_IRQHandler               0x0800015f   Thumb Code     0  startup_stm32f10x_hd.o(.text)
    WWDG_IRQHandler                          0x0800015f   Thumb Code     0  startup_stm32f10x_hd.o(.text)
    CPU_IntDis                               0x08000169   Thumb Code     0  cpu_a.o(.text)
    CPU_IntEn                                0x0800016d   Thumb Code     0  cpu_a.o(.text)
    CPU_SR_Save                              0x08000171   Thumb Code     0  cpu_a.o(.text)
    CPU_SR_Restore                           0x08000179   Thumb Code     0  cpu_a.o(.text)
    CPU_WaitForInt                           0x0800017f   Thumb Code     0  cpu_a.o(.text)
    CPU_WaitForExcept                        0x08000183   Thumb Code     0  cpu_a.o(.text)
    CPU_CntLeadZeros                         0x08000187   Thumb Code     0  cpu_a.o(.text)
    CPU_CntTrailZeros                        0x0800018d   Thumb Code     0  cpu_a.o(.text)
    CPU_RevBits                              0x08000197   Thumb Code     0  cpu_a.o(.text)
    rand                                     0x0800019d   Thumb Code    20  rand.o(.text)
    srand                                    0x080001b1   Thumb Code     6  rand.o(.text)
    __aeabi_memcpy                           0x080001c1   Thumb Code    36  memcpya.o(.text)
    __aeabi_memcpy4                          0x080001c1   Thumb Code     0  memcpya.o(.text)
    __aeabi_memcpy8                          0x080001c1   Thumb Code     0  memcpya.o(.text)
    __scatterload                            0x080001e5   Thumb Code    28  init.o(.text)
    __scatterload_rt2                        0x080001e5   Thumb Code     0  init.o(.text)
    __decompress                             0x08000209   Thumb Code     0  __dczerorl2.o(.text)
    __decompress1                            0x08000209   Thumb Code    86  __dczerorl2.o(.text)
    OSStartHighRdy                           0x08000261   Thumb Code     0  os_cpu_a.o(CODE)
    OS_CPU_PendSVHandler                     0x08000283   Thumb Code     0  os_cpu_a.o(CODE)
    BSP_CPU_ClkFreq                          0x08001081   Thumb Code    16  bsp.o(i.BSP_CPU_ClkFreq)
    BulletDisappear                          0x08001091   Thumb Code    78  bullet.o(i.BulletDisappear)
    BulletHittingTank                        0x080010df   Thumb Code   530  bullet.o(i.BulletHittingTank)
    BulletHittingWall                        0x080012f1   Thumb Code   460  bullet.o(i.BulletHittingWall)
    BulletMove                               0x080014bd   Thumb Code   214  bullet.o(i.BulletMove)
    Bullet_load                              0x08001593   Thumb Code   104  bullet.o(i.Bullet_load)
    BusFault_Handler                         0x080015fb   Thumb Code     4  stm32f10x_it.o(i.BusFault_Handler)
    CPU_Init                                 0x080015ff   Thumb Code    16  cpu_core.o(i.CPU_Init)
    CPU_IntDisMeasMaxCurGet                  0x080016b1   Thumb Code    40  cpu_core.o(i.CPU_IntDisMeasMaxCurGet)
    CPU_IntDisMeasMaxCurReset                0x080016dd   Thumb Code    40  cpu_core.o(i.CPU_IntDisMeasMaxCurReset)
    CPU_IntDisMeasMaxGet                     0x08001709   Thumb Code    40  cpu_core.o(i.CPU_IntDisMeasMaxGet)
    CPU_IntDisMeasStart                      0x08001735   Thumb Code    38  cpu_core.o(i.CPU_IntDisMeasStart)
    CPU_IntDisMeasStop                       0x08001769   Thumb Code    62  cpu_core.o(i.CPU_IntDisMeasStop)
    CPU_NameClr                              0x080017bd   Thumb Code    50  cpu_core.o(i.CPU_NameClr)
    CPU_TS_TmrFreqSet                        0x08001811   Thumb Code     6  cpu_core.o(i.CPU_TS_TmrFreqSet)
    CPU_TS_TmrInit                           0x0800181d   Thumb Code    44  bsp.o(i.CPU_TS_TmrInit)
    CPU_TS_TmrRd                             0x08001851   Thumb Code     6  bsp.o(i.CPU_TS_TmrRd)
    DebugMon_Handler                         0x0800185d   Thumb Code     2  stm32f10x_it.o(i.DebugMon_Handler)
    FSMC_NORSRAMCmd                          0x08001861   Thumb Code    46  stm32f10x_fsmc.o(i.FSMC_NORSRAMCmd)
    FSMC_NORSRAMInit                         0x08001895   Thumb Code   230  stm32f10x_fsmc.o(i.FSMC_NORSRAMInit)
    GPIO_Init                                0x0800197b   Thumb Code   278  stm32f10x_gpio.o(i.GPIO_Init)
    GPIO_ResetBits                           0x08001a91   Thumb Code     4  stm32f10x_gpio.o(i.GPIO_ResetBits)
    GPIO_SetBits                             0x08001a95   Thumb Code     4  stm32f10x_gpio.o(i.GPIO_SetBits)
    HardFault_Handler                        0x08001a99   Thumb Code     4  stm32f10x_it.o(i.HardFault_Handler)
    ILI9341_BackLed_Control                  0x08001a9d   Thumb Code    30  bsp_ili9341_lcd.o(i.ILI9341_BackLed_Control)
    ILI9341_Clear                            0x08001ac1   Thumb Code    40  bsp_ili9341_lcd.o(i.ILI9341_Clear)
    ILI9341_DrawCircle                       0x08001aff   Thumb Code   312  bsp_ili9341_lcd.o(i.ILI9341_DrawCircle)
    ILI9341_DrawLine                         0x08001c37   Thumb Code   160  bsp_ili9341_lcd.o(i.ILI9341_DrawLine)
    ILI9341_DrawRectangle                    0x08001cd9   Thumb Code   132  bsp_ili9341_lcd.o(i.ILI9341_DrawRectangle)
    ILI9341_GramScan                         0x08001f79   Thumb Code   172  bsp_ili9341_lcd.o(i.ILI9341_GramScan)
    ILI9341_Init                             0x08002031   Thumb Code    34  bsp_ili9341_lcd.o(i.ILI9341_Init)
    ILI9341_OpenWindow                       0x08002059   Thumb Code    88  bsp_ili9341_lcd.o(i.ILI9341_OpenWindow)
    ILI9341_Rst                              0x080022e1   Thumb Code    32  bsp_ili9341_lcd.o(i.ILI9341_Rst)
    ILI9341_SetPointPixel                    0x0800231d   Thumb Code    42  bsp_ili9341_lcd.o(i.ILI9341_SetPointPixel)
    ILI9341_Write_Cmd                        0x08002355   Thumb Code     8  bsp_ili9341_lcd.o(i.ILI9341_Write_Cmd)
    ILI9341_Write_Data                       0x0800235d   Thumb Code     6  bsp_ili9341_lcd.o(i.ILI9341_Write_Data)
    JOYPAD2_Init                             0x08002369   Thumb Code   108  joypad.o(i.JOYPAD2_Init)
    JOYPAD2_Read                             0x080023d9   Thumb Code    98  joypad.o(i.JOYPAD2_Read)
    JOYPAD_Delay                             0x08002445   Thumb Code    14  joypad.o(i.JOYPAD_Delay)
    JOYPAD_Init                              0x08002455   Thumb Code   112  joypad.o(i.JOYPAD_Init)
    JOYPAD_Read                              0x080024cd   Thumb Code    96  joypad.o(i.JOYPAD_Read)
    LCD_SetColors                            0x08002539   Thumb Code    10  bsp_ili9341_lcd.o(i.LCD_SetColors)
    LCD_SetFont                              0x0800254d   Thumb Code     6  bsp_ili9341_lcd.o(i.LCD_SetFont)
    LCD_SetTextColor                         0x08002559   Thumb Code     6  bsp_ili9341_lcd.o(i.LCD_SetTextColor)
    MemManage_Handler                        0x08002565   Thumb Code     4  stm32f10x_it.o(i.MemManage_Handler)
    Mem_Clr                                  0x08002569   Thumb Code    18  lib_mem.o(i.Mem_Clr)
    Mem_Init                                 0x0800257d   Thumb Code    54  lib_mem.o(i.Mem_Init)
    Mem_Set                                  0x080025c5   Thumb Code    98  lib_mem.o(i.Mem_Set)
    NMI_Handler                              0x08002627   Thumb Code     2  stm32f10x_it.o(i.NMI_Handler)
    OSCfg_Init                               0x08002629   Thumb Code     2  os_cfg_app.o(i.OSCfg_Init)
    OSIdleTaskHook                           0x0800262d   Thumb Code    16  os_cpu_c.o(i.OSIdleTaskHook)
    OSInit                                   0x08002641   Thumb Code   300  os_core.o(i.OSInit)
    OSInitHook                               0x080027cd   Thumb Code    42  os_cpu_c.o(i.OSInitHook)
    OSIntExit                                0x08002805   Thumb Code   192  os_core.o(i.OSIntExit)
    OSSched                                  0x080028e9   Thumb Code   134  os_core.o(i.OSSched)
    OSSchedLock                              0x08002991   Thumb Code   112  os_core.o(i.OSSchedLock)
    OSSchedRoundRobinCfg                     0x08002a0d   Thumb Code    96  os_core.o(i.OSSchedRoundRobinCfg)
    OSSchedUnlock                            0x08002a79   Thumb Code   148  os_core.o(i.OSSchedUnlock)
    OSStart                                  0x08002b19   Thumb Code    78  os_core.o(i.OSStart)
    OSStatReset                              0x08002b81   Thumb Code   316  os_stat.o(i.OSStatReset)
    OSStatTaskCPUUsageInit                   0x08002ce9   Thumb Code   228  os_stat.o(i.OSStatTaskCPUUsageInit)
    OSStatTaskHook                           0x08002de9   Thumb Code    16  os_cpu_c.o(i.OSStatTaskHook)
    OSTaskCreate                             0x08002dfd   Thumb Code   624  os_task.o(i.OSTaskCreate)
    OSTaskCreateHook                         0x08003091   Thumb Code    20  os_cpu_c.o(i.OSTaskCreateHook)
    OSTaskDel                                0x080030a9   Thumb Code   490  os_task.o(i.OSTaskDel)
    OSTaskDelHook                            0x080032b1   Thumb Code    20  os_cpu_c.o(i.OSTaskDelHook)
    OSTaskResume                             0x080032c9   Thumb Code   124  os_task.o(i.OSTaskResume)
    OSTaskReturnHook                         0x08003351   Thumb Code    20  os_cpu_c.o(i.OSTaskReturnHook)
    OSTaskSemPend                            0x08003369   Thumb Code   578  os_task.o(i.OSTaskSemPend)
    OSTaskStkChk                             0x080035b9   Thumb Code   220  os_task.o(i.OSTaskStkChk)
    OSTaskStkInit                            0x0800369d   Thumb Code   188  os_cpu_c.o(i.OSTaskStkInit)
    OSTaskSuspend                            0x0800375d   Thumb Code    78  os_task.o(i.OSTaskSuspend)
    OSTaskSwHook                             0x080037bd   Thumb Code   146  os_cpu_c.o(i.OSTaskSwHook)
    OSTimeDly                                0x08003861   Thumb Code   322  os_time.o(i.OSTimeDly)
    OSTimeTick                               0x080039b1   Thumb Code    54  os_time.o(i.OSTimeTick)
    OSTimeTickHook                           0x080039f5   Thumb Code    16  os_cpu_c.o(i.OSTimeTickHook)
    OS_CPU_SysTickHandler                    0x08003a09   Thumb Code    60  os_cpu_c.o(i.OS_CPU_SysTickHandler)
    OS_CPU_SysTickInit                       0x08003a49   Thumb Code    44  os_cpu_c.o(i.OS_CPU_SysTickInit)
    OS_Dbg_Init                              0x08003a79   Thumb Code   150  os_dbg.o(i.OS_Dbg_Init)
    OS_FlagInit                              0x08003c2d   Thumb Code    14  os_flag.o(i.OS_FlagInit)
    OS_FlagPost                              0x08003c45   Thumb Code   626  os_flag.o(i.OS_FlagPost)
    OS_FlagTaskRdy                           0x08003ec1   Thumb Code    86  os_flag.o(i.OS_FlagTaskRdy)
    OS_IdleTask                              0x08003f19   Thumb Code    68  os_core.o(i.OS_IdleTask)
    OS_IdleTaskInit                          0x08003f65   Thumb Code    66  os_core.o(i.OS_IdleTaskInit)
    OS_IntQPost                              0x08003fd5   Thumb Code   224  os_int.o(i.OS_IntQPost)
    OS_IntQRePost                            0x080040d9   Thumb Code   360  os_int.o(i.OS_IntQRePost)
    OS_IntQTask                              0x0800427d   Thumb Code   182  os_int.o(i.OS_IntQTask)
    OS_IntQTaskInit                          0x08004345   Thumb Code   206  os_int.o(i.OS_IntQTaskInit)
    OS_MemInit                               0x0800446d   Thumb Code    14  os_mem.o(i.OS_MemInit)
    OS_MsgPoolInit                           0x08004485   Thumb Code   110  os_msg.o(i.OS_MsgPoolInit)
    OS_MsgQFreeAll                           0x08004501   Thumb Code    62  os_msg.o(i.OS_MsgQFreeAll)
    OS_MsgQInit                              0x08004545   Thumb Code    14  os_msg.o(i.OS_MsgQInit)
    OS_MsgQPut                               0x08004555   Thumb Code   254  os_msg.o(i.OS_MsgQPut)
    OS_MutexInit                             0x08004659   Thumb Code    14  os_mutex.o(i.OS_MutexInit)
    OS_Pend                                  0x08004671   Thumb Code    98  os_core.o(i.OS_Pend)
    OS_PendDataInit                          0x080046d9   Thumb Code    38  os_core.o(i.OS_PendDataInit)
    OS_PendDbgNameAdd                        0x08004701   Thumb Code    66  os_core.o(i.OS_PendDbgNameAdd)
    OS_PendDbgNameRemove                     0x0800475d   Thumb Code    30  os_core.o(i.OS_PendDbgNameRemove)
    OS_PendListInsertPrio                    0x08004781   Thumb Code   102  os_core.o(i.OS_PendListInsertPrio)
    OS_PendListRemove                        0x080047e7   Thumb Code    48  os_core.o(i.OS_PendListRemove)
    OS_PendListRemove1                       0x08004817   Thumb Code    66  os_core.o(i.OS_PendListRemove1)
    OS_Post                                  0x08004859   Thumb Code   192  os_core.o(i.OS_Post)
    OS_Post1                                 0x08004919   Thumb Code    42  os_core.o(i.OS_Post1)
    OS_PrioGetHighest                        0x08004945   Thumb Code    36  os_prio.o(i.OS_PrioGetHighest)
    OS_PrioInit                              0x0800496d   Thumb Code    20  os_prio.o(i.OS_PrioInit)
    OS_PrioInsert                            0x08004985   Thumb Code    32  os_prio.o(i.OS_PrioInsert)
    OS_PrioRemove                            0x080049a9   Thumb Code    32  os_prio.o(i.OS_PrioRemove)
    OS_QInit                                 0x080049cd   Thumb Code    14  os_q.o(i.OS_QInit)
    OS_QPost                                 0x080049e5   Thumb Code   382  os_q.o(i.OS_QPost)
    OS_RdyListInit                           0x08004b6d   Thumb Code    32  os_core.o(i.OS_RdyListInit)
    OS_RdyListInsert                         0x08004b91   Thumb Code    40  os_core.o(i.OS_RdyListInsert)
    OS_RdyListInsertHead                     0x08004bbd   Thumb Code    58  os_core.o(i.OS_RdyListInsertHead)
    OS_RdyListInsertTail                     0x08004bfd   Thumb Code    56  os_core.o(i.OS_RdyListInsertTail)
    OS_RdyListMoveHeadToTail                 0x08004c39   Thumb Code    68  os_core.o(i.OS_RdyListMoveHeadToTail)
    OS_RdyListRemove                         0x08004c7d   Thumb Code    86  os_core.o(i.OS_RdyListRemove)
    OS_Sched0                                0x08004cd9   Thumb Code    72  os_core.o(i.OS_Sched0)
    OS_SchedLockTimeMeasStart                0x08004d35   Thumb Code    20  os_core.o(i.OS_SchedLockTimeMeasStart)
    OS_SchedLockTimeMeasStop                 0x08004d51   Thumb Code    44  os_core.o(i.OS_SchedLockTimeMeasStop)
    OS_SchedRoundRobin                       0x08004d8d   Thumb Code   218  os_core.o(i.OS_SchedRoundRobin)
    OS_SemInit                               0x08004e79   Thumb Code    14  os_sem.o(i.OS_SemInit)
    OS_SemPost                               0x08004e91   Thumb Code   404  os_sem.o(i.OS_SemPost)
    OS_StatTask                              0x08005029   Thumb Code   878  os_stat.o(i.OS_StatTask)
    OS_StatTaskInit                          0x080053e1   Thumb Code   136  os_stat.o(i.OS_StatTaskInit)
    OS_TaskBlock                             0x080054ad   Thumb Code    56  os_core.o(i.OS_TaskBlock)
    OS_TaskDbgListAdd                        0x080054e5   Thumb Code    42  os_task.o(i.OS_TaskDbgListAdd)
    OS_TaskDbgListRemove                     0x08005515   Thumb Code    64  os_task.o(i.OS_TaskDbgListRemove)
    OS_TaskInit                              0x08005559   Thumb Code    18  os_task.o(i.OS_TaskInit)
    OS_TaskInitTCB                           0x08005579   Thumb Code   194  os_task.o(i.OS_TaskInitTCB)
    OS_TaskQPost                             0x08005649   Thumb Code   606  os_task.o(i.OS_TaskQPost)
    OS_TaskRdy                               0x080058b5   Thumb Code    28  os_core.o(i.OS_TaskRdy)
    OS_TaskResume                            0x080058d1   Thumb Code   374  os_task.o(i.OS_TaskResume)
    OS_TaskReturn                            0x08005a4d   Thumb Code    20  os_task.o(i.OS_TaskReturn)
    OS_TaskSemPost                           0x08005a65   Thumb Code  1438  os_task.o(i.OS_TaskSemPost)
    OS_TaskSuspend                           0x0800600d   Thumb Code   392  os_task.o(i.OS_TaskSuspend)
    OS_TickListInit                          0x0800619d   Thumb Code    32  os_tick.o(i.OS_TickListInit)
    OS_TickListInsert                        0x080061c5   Thumb Code   430  os_tick.o(i.OS_TickListInsert)
    OS_TickListRemove                        0x08006381   Thumb Code    56  os_tick.o(i.OS_TickListRemove)
    OS_TickListResetPeak                     0x080063b9   Thumb Code    28  os_tick.o(i.OS_TickListResetPeak)
    OS_TickListUpdate                        0x080063dd   Thumb Code   520  os_tick.o(i.OS_TickListUpdate)
    OS_TickTask                              0x080065fd   Thumb Code    38  os_tick.o(i.OS_TickTask)
    OS_TickTaskInit                          0x08006629   Thumb Code   128  os_tick.o(i.OS_TickTaskInit)
    OS_TmrInit                               0x080066e1   Thumb Code   206  os_tmr.o(i.OS_TmrInit)
    OS_TmrLink                               0x08006809   Thumb Code   196  os_tmr.o(i.OS_TmrLink)
    OS_TmrResetPeak                          0x080068d9   Thumb Code    28  os_tmr.o(i.OS_TmrResetPeak)
    OS_TmrTask                               0x080068fd   Thumb Code   176  os_tmr.o(i.OS_TmrTask)
    OS_TmrUnlink                             0x080069bd   Thumb Code    72  os_tmr.o(i.OS_TmrUnlink)
    RCC_AHBPeriphClockCmd                    0x08006a0d   Thumb Code    26  stm32f10x_rcc.o(i.RCC_AHBPeriphClockCmd)
    RCC_APB2PeriphClockCmd                   0x08006a2d   Thumb Code    26  stm32f10x_rcc.o(i.RCC_APB2PeriphClockCmd)
    RCC_GetClocksFreq                        0x08006a4d   Thumb Code   192  stm32f10x_rcc.o(i.RCC_GetClocksFreq)
    Rectangle                                0x08006b21   Thumb Code    36  bullet.o(i.Rectangle)
    SVC_Handler                              0x08006b45   Thumb Code     2  stm32f10x_it.o(i.SVC_Handler)
    SystemInit                               0x08006c31   Thumb Code    78  system_stm32f10x.o(i.SystemInit)
    Tank_change                              0x08006c91   Thumb Code    88  bullet.o(i.Tank_change)
    Tank_eatPackage                          0x08006ce9   Thumb Code    52  bullet.o(i.Tank_eatPackage)
    Tank_move                                0x08006d1d   Thumb Code  2034  element.o(i.Tank_move)
    Tank_turn                                0x08007519   Thumb Code   892  element.o(i.Tank_turn)
    UsageFault_Handler                       0x08007895   Thumb Code     4  stm32f10x_it.o(i.UsageFault_Handler)
    __scatterload_copy                       0x08007899   Thumb Code    14  handlers.o(i.__scatterload_copy)
    __scatterload_null                       0x080078a7   Thumb Code     2  handlers.o(i.__scatterload_null)
    __scatterload_zeroinit                   0x080078a9   Thumb Code    14  handlers.o(i.__scatterload_zeroinit)
    clear_3_Bullet                           0x080078b7   Thumb Code   212  bullet.o(i.clear_3_Bullet)
    clear_heavy_Bullet                       0x0800798b   Thumb Code   278  bullet.o(i.clear_heavy_Bullet)
    clear_package                            0x08007aa1   Thumb Code    26  bullet.o(i.clear_package)
    creat_package                            0x08007abd   Thumb Code   152  bullet.o(i.creat_package)
    delay                                    0x08007b5d   Thumb Code    18  element.o(i.delay)
    draw_3_Bullet                            0x08007b6f   Thumb Code   262  bullet.o(i.draw_3_Bullet)
    draw_Bullet                              0x08007c75   Thumb Code   134  bullet.o(i.draw_Bullet)
    draw_Tank                                0x08007cfd   Thumb Code  1702  element.o(i.draw_Tank)
    draw_heavy_Bullet                        0x080083a9   Thumb Code   326  bullet.o(i.draw_heavy_Bullet)
    draw_package                             0x080084ef   Thumb Code  1460  bullet.o(i.draw_package)
    is_Wall                                  0x08008aa3   Thumb Code   224  element.o(i.is_Wall)
    main                                     0x08008b85   Thumb Code   226  app.o(i.main)
    map                                      0x08008ca5   Thumb Code    82  map.o(i.map)
    map_end                                  0x08008cfd   Thumb Code    82  map.o(i.map_end)
    map_start                                0x08008d55   Thumb Code    82  map.o(i.map_start)
    sort                                     0x08008dad   Thumb Code    36  element.o(i.sort)
    ASCII8x16_Table                          0x08008e20   Data        1520  fonts.o(.constdata)
    ASCII16x24_Table                         0x08009410   Data        4560  fonts.o(.constdata)
    ASCII24x32_Table                         0x0800a5e0   Data        9120  fonts.o(.constdata)
    gImage_pic                               0x0800c980   Data       153600  map.o(.constdata)
    gImage_start                             0x08032180   Data       153600  map.o(.constdata)
    gImage_end                               0x08057980   Data       153600  map.o(.constdata)
    OSCfg_IdleTaskStkBasePtr                 0x0807d180   Data           4  os_cfg_app.o(.constdata)
    OSCfg_IdleTaskStkLimit                   0x0807d184   Data           4  os_cfg_app.o(.constdata)
    OSCfg_IdleTaskStkSize                    0x0807d188   Data           4  os_cfg_app.o(.constdata)
    OSCfg_IdleTaskStkSizeRAM                 0x0807d18c   Data           4  os_cfg_app.o(.constdata)
    OSCfg_IntQBasePtr                        0x0807d190   Data           4  os_cfg_app.o(.constdata)
    OSCfg_IntQSize                           0x0807d194   Data           2  os_cfg_app.o(.constdata)
    OSCfg_IntQSizeRAM                        0x0807d198   Data           4  os_cfg_app.o(.constdata)
    OSCfg_IntQTaskStkBasePtr                 0x0807d19c   Data           4  os_cfg_app.o(.constdata)
    OSCfg_IntQTaskStkLimit                   0x0807d1a0   Data           4  os_cfg_app.o(.constdata)
    OSCfg_IntQTaskStkSize                    0x0807d1a4   Data           4  os_cfg_app.o(.constdata)
    OSCfg_IntQTaskStkSizeRAM                 0x0807d1a8   Data           4  os_cfg_app.o(.constdata)
    OSCfg_ISRStkBasePtr                      0x0807d1ac   Data           4  os_cfg_app.o(.constdata)
    OSCfg_ISRStkSize                         0x0807d1b0   Data           4  os_cfg_app.o(.constdata)
    OSCfg_ISRStkSizeRAM                      0x0807d1b4   Data           4  os_cfg_app.o(.constdata)
    OSCfg_MsgPoolSize                        0x0807d1b8   Data           2  os_cfg_app.o(.constdata)
    OSCfg_MsgPoolSizeRAM                     0x0807d1bc   Data           4  os_cfg_app.o(.constdata)
    OSCfg_MsgPoolBasePtr                     0x0807d1c0   Data           4  os_cfg_app.o(.constdata)
    OSCfg_StatTaskPrio                       0x0807d1c4   Data           1  os_cfg_app.o(.constdata)
    OSCfg_StatTaskRate_Hz                    0x0807d1c8   Data           4  os_cfg_app.o(.constdata)
    OSCfg_StatTaskStkBasePtr                 0x0807d1cc   Data           4  os_cfg_app.o(.constdata)
    OSCfg_StatTaskStkLimit                   0x0807d1d0   Data           4  os_cfg_app.o(.constdata)
    OSCfg_StatTaskStkSize                    0x0807d1d4   Data           4  os_cfg_app.o(.constdata)
    OSCfg_StatTaskStkSizeRAM                 0x0807d1d8   Data           4  os_cfg_app.o(.constdata)
    OSCfg_StkSizeMin                         0x0807d1dc   Data           4  os_cfg_app.o(.constdata)
    OSCfg_TickRate_Hz                        0x0807d1e0   Data           4  os_cfg_app.o(.constdata)
    OSCfg_TickTaskPrio                       0x0807d1e4   Data           1  os_cfg_app.o(.constdata)
    OSCfg_TickTaskStkBasePtr                 0x0807d1e8   Data           4  os_cfg_app.o(.constdata)
    OSCfg_TickTaskStkLimit                   0x0807d1ec   Data           4  os_cfg_app.o(.constdata)
    OSCfg_TickTaskStkSize                    0x0807d1f0   Data           4  os_cfg_app.o(.constdata)
    OSCfg_TickTaskStkSizeRAM                 0x0807d1f4   Data           4  os_cfg_app.o(.constdata)
    OSCfg_TickWheelSize                      0x0807d1f8   Data           2  os_cfg_app.o(.constdata)
    OSCfg_TickWheelSizeRAM                   0x0807d1fc   Data           4  os_cfg_app.o(.constdata)
    OSCfg_TmrTaskPrio                        0x0807d200   Data           1  os_cfg_app.o(.constdata)
    OSCfg_TmrTaskRate_Hz                     0x0807d204   Data           4  os_cfg_app.o(.constdata)
    OSCfg_TmrTaskStkBasePtr                  0x0807d208   Data           4  os_cfg_app.o(.constdata)
    OSCfg_TmrTaskStkLimit                    0x0807d20c   Data           4  os_cfg_app.o(.constdata)
    OSCfg_TmrTaskStkSize                     0x0807d210   Data           4  os_cfg_app.o(.constdata)
    OSCfg_TmrTaskStkSizeRAM                  0x0807d214   Data           4  os_cfg_app.o(.constdata)
    OSCfg_TmrWheelSize                       0x0807d218   Data           2  os_cfg_app.o(.constdata)
    OSCfg_TmrWheelSizeRAM                    0x0807d21c   Data           4  os_cfg_app.o(.constdata)
    OSCfg_DataSizeRAM                        0x0807d220   Data           4  os_cfg_app.o(.constdata)
    OSDbg_DbgEn                              0x0807d224   Data           1  os_dbg.o(.constdata)
    OSDbg_ArgChkEn                           0x0807d225   Data           1  os_dbg.o(.constdata)
    OSDbg_AppHooksEn                         0x0807d226   Data           1  os_dbg.o(.constdata)
    OSDbg_EndiannessTest                     0x0807d228   Data           4  os_dbg.o(.constdata)
    OSDbg_CalledFromISRChkEn                 0x0807d22c   Data           1  os_dbg.o(.constdata)
    OSDbg_FlagEn                             0x0807d22d   Data           1  os_dbg.o(.constdata)
    OSDbg_FlagGrp                            0x0807d230   Data          40  os_dbg.o(.constdata)
    OSDbg_FlagDelEn                          0x0807d258   Data           1  os_dbg.o(.constdata)
    OSDbg_FlagModeClrEn                      0x0807d259   Data           1  os_dbg.o(.constdata)
    OSDbg_FlagPendAbortEn                    0x0807d25a   Data           1  os_dbg.o(.constdata)
    OSDbg_FlagGrpSize                        0x0807d25c   Data           2  os_dbg.o(.constdata)
    OSDbg_FlagWidth                          0x0807d25e   Data           2  os_dbg.o(.constdata)
    OSDbg_IntQ                               0x0807d260   Data           2  os_dbg.o(.constdata)
    OSDbg_ISRPostDeferredEn                  0x0807d262   Data           1  os_dbg.o(.constdata)
    OSDbg_Mem                                0x0807d264   Data          32  os_dbg.o(.constdata)
    OSDbg_MemEn                              0x0807d284   Data           1  os_dbg.o(.constdata)
    OSDbg_MemSize                            0x0807d286   Data           2  os_dbg.o(.constdata)
    OSDbg_MsgEn                              0x0807d288   Data           1  os_dbg.o(.constdata)
    OSDbg_MsgSize                            0x0807d28a   Data           2  os_dbg.o(.constdata)
    OSDbg_MsgPoolSize                        0x0807d28c   Data           2  os_dbg.o(.constdata)
    OSDbg_MsgQSize                           0x0807d28e   Data           2  os_dbg.o(.constdata)
    OSDbg_Mutex                              0x0807d290   Data          44  os_dbg.o(.constdata)
    OSDbg_MutexEn                            0x0807d2bc   Data           1  os_dbg.o(.constdata)
    OSDbg_MutexDelEn                         0x0807d2bd   Data           1  os_dbg.o(.constdata)
    OSDbg_MutexPendAbortEn                   0x0807d2be   Data           1  os_dbg.o(.constdata)
    OSDbg_MutexSize                          0x0807d2c0   Data           2  os_dbg.o(.constdata)
    OSDbg_ObjTypeChkEn                       0x0807d2c2   Data           1  os_dbg.o(.constdata)
    OSDbg_PendMultiEn                        0x0807d2c3   Data           1  os_dbg.o(.constdata)
    OSDbg_PendDataSize                       0x0807d2c4   Data           2  os_dbg.o(.constdata)
    OSDbg_PendListSize                       0x0807d2c6   Data           2  os_dbg.o(.constdata)
    OSDbg_PendObjSize                        0x0807d2c8   Data           2  os_dbg.o(.constdata)
    OSDbg_PrioMax                            0x0807d2ca   Data           2  os_dbg.o(.constdata)
    OSDbg_PrioTblSize                        0x0807d2cc   Data           2  os_dbg.o(.constdata)
    OSDbg_PtrSize                            0x0807d2ce   Data           2  os_dbg.o(.constdata)
    OSDbg_Q                                  0x0807d2d0   Data          48  os_dbg.o(.constdata)
    OSDbg_QEn                                0x0807d300   Data           1  os_dbg.o(.constdata)
    OSDbg_QDelEn                             0x0807d301   Data           1  os_dbg.o(.constdata)
    OSDbg_QFlushEn                           0x0807d302   Data           1  os_dbg.o(.constdata)
    OSDbg_QPendAbortEn                       0x0807d303   Data           1  os_dbg.o(.constdata)
    OSDbg_QSize                              0x0807d304   Data           2  os_dbg.o(.constdata)
    OSDbg_SchedRoundRobinEn                  0x0807d306   Data           1  os_dbg.o(.constdata)
    OSDbg_Sem                                0x0807d308   Data          40  os_dbg.o(.constdata)
    OSDbg_SemEn                              0x0807d330   Data           1  os_dbg.o(.constdata)
    OSDbg_SemDelEn                           0x0807d331   Data           1  os_dbg.o(.constdata)
    OSDbg_SemPendAbortEn                     0x0807d332   Data           1  os_dbg.o(.constdata)
    OSDbg_SemSetEn                           0x0807d333   Data           1  os_dbg.o(.constdata)
    OSDbg_SemSize                            0x0807d334   Data           2  os_dbg.o(.constdata)
    OSDbg_RdyList                            0x0807d336   Data           2  os_dbg.o(.constdata)
    OSDbg_RdyListSize                        0x0807d338   Data           4  os_dbg.o(.constdata)
    OSDbg_StkWidth                           0x0807d33c   Data           1  os_dbg.o(.constdata)
    OSDbg_StatTaskEn                         0x0807d33d   Data           1  os_dbg.o(.constdata)
    OSDbg_StatTaskStkChkEn                   0x0807d33e   Data           1  os_dbg.o(.constdata)
    OSDbg_TaskChangePrioEn                   0x0807d33f   Data           1  os_dbg.o(.constdata)
    OSDbg_TaskDelEn                          0x0807d340   Data           1  os_dbg.o(.constdata)
    OSDbg_TaskQEn                            0x0807d341   Data           1  os_dbg.o(.constdata)
    OSDbg_TaskQPendAbortEn                   0x0807d342   Data           1  os_dbg.o(.constdata)
    OSDbg_TaskProfileEn                      0x0807d343   Data           1  os_dbg.o(.constdata)
    OSDbg_TaskRegTblSize                     0x0807d344   Data           2  os_dbg.o(.constdata)
    OSDbg_TaskSemPendAbortEn                 0x0807d346   Data           1  os_dbg.o(.constdata)
    OSDbg_TaskSuspendEn                      0x0807d347   Data           1  os_dbg.o(.constdata)
    OSDbg_TCBSize                            0x0807d348   Data           2  os_dbg.o(.constdata)
    OSDbg_TickSpokeSize                      0x0807d34a   Data           2  os_dbg.o(.constdata)
    OSDbg_TimeDlyHMSMEn                      0x0807d34c   Data           1  os_dbg.o(.constdata)
    OSDbg_TimeDlyResumeEn                    0x0807d34d   Data           1  os_dbg.o(.constdata)
    OSDbg_TLS_TblSize                        0x0807d34e   Data           2  os_dbg.o(.constdata)
    OSDbg_Tmr                                0x0807d350   Data          52  os_dbg.o(.constdata)
    OSDbg_TmrEn                              0x0807d384   Data           1  os_dbg.o(.constdata)
    OSDbg_TmrDelEn                           0x0807d385   Data           1  os_dbg.o(.constdata)
    OSDbg_TmrSize                            0x0807d386   Data           2  os_dbg.o(.constdata)
    OSDbg_TmrSpokeSize                       0x0807d388   Data           2  os_dbg.o(.constdata)
    OSDbg_VersionNbr                         0x0807d38a   Data           2  os_dbg.o(.constdata)
    OSDbg_DataSize                           0x0807d38c   Data           4  os_dbg.o(.constdata)
    Region$$Table$$Base                      0x0807d390   Number         0  anon$$obj.o(Region$$Table)
    Region$$Table$$Limit                     0x0807d3b0   Number         0  anon$$obj.o(Region$$Table)
    newbullet_N                              0x20000014   Data           4  app.o(.data)
    j                                        0x20000018   Data           4  app.o(.data)
    i                                        0x2000001c   Data           4  app.o(.data)
    deadA                                    0x20000020   Data           1  app.o(.data)
    deadB                                    0x20000021   Data           1  app.o(.data)
    LCD_X_LENGTH                             0x20000024   Data           2  bsp_ili9341_lcd.o(.data)
    LCD_Y_LENGTH                             0x20000026   Data           2  bsp_ili9341_lcd.o(.data)
    LCD_SCAN_MODE                            0x20000028   Data           1  bsp_ili9341_lcd.o(.data)
    Font8x16                                 0x20000034   Data           8  fonts.o(.data)
    Font16x24                                0x2000003c   Data           8  fonts.o(.data)
    Font24x32                                0x20000044   Data           8  fonts.o(.data)
    pose_num                                 0x2000004c   Data           4  bullet.o(.data)
    property_num                             0x20000050   Data           4  bullet.o(.data)
    x                                        0x20000054   Data           2  element.o(.data)
    y                                        0x20000056   Data           2  element.o(.data)
    CPU_TS_TmrFreq_Hz                        0x20000058   Data           4  cpu_core.o(.data)
    CPU_IntDisMeasCtr                        0x2000005c   Data           2  cpu_core.o(.data)
    CPU_IntDisNestCtr                        0x2000005e   Data           2  cpu_core.o(.data)
    CPU_IntDisMeasStart_cnts                 0x20000060   Data           4  cpu_core.o(.data)
    CPU_IntDisMeasStop_cnts                  0x20000064   Data           4  cpu_core.o(.data)
    CPU_IntDisMeasOvrhd_cnts                 0x20000068   Data           4  cpu_core.o(.data)
    CPU_IntDisMeasMaxCur_cnts                0x2000006c   Data           4  cpu_core.o(.data)
    CPU_IntDisMeasMax_cnts                   0x20000070   Data           4  cpu_core.o(.data)
    Mem_PoolTbl                              0x20000074   Data           4  lib_mem.o(.data)
    OSPrioTbl                                0x20000078   Data           4  os_prio.o(.data)
    OS_AppTaskCreateHookPtr                  0x2000007c   Data           4  os_var.o(.data)
    OS_AppTaskDelHookPtr                     0x20000080   Data           4  os_var.o(.data)
    OS_AppTaskReturnHookPtr                  0x20000084   Data           4  os_var.o(.data)
    OS_AppIdleTaskHookPtr                    0x20000088   Data           4  os_var.o(.data)
    OS_AppStatTaskHookPtr                    0x2000008c   Data           4  os_var.o(.data)
    OS_AppTaskSwHookPtr                      0x20000090   Data           4  os_var.o(.data)
    OS_AppTimeTickHookPtr                    0x20000094   Data           4  os_var.o(.data)
    OSIdleTaskCtr                            0x20000098   Data           4  os_var.o(.data)
    OSIntNestingCtr                          0x2000009c   Data           1  os_var.o(.data)
    OSIntDisTimeMax                          0x200000a0   Data           4  os_var.o(.data)
    OSRunning                                0x200000a4   Data           1  os_var.o(.data)
    OSIntQInPtr                              0x200000a8   Data           4  os_var.o(.data)
    OSIntQOutPtr                             0x200000ac   Data           4  os_var.o(.data)
    OSIntQNbrEntries                         0x200000b0   Data           2  os_var.o(.data)
    OSIntQNbrEntriesMax                      0x200000b2   Data           2  os_var.o(.data)
    OSIntQOvfCtr                             0x200000b4   Data           2  os_var.o(.data)
    OSIntQTaskTimeMax                        0x200000b8   Data           4  os_var.o(.data)
    OSFlagDbgListPtr                         0x200000bc   Data           4  os_var.o(.data)
    OSFlagQty                                0x200000c0   Data           2  os_var.o(.data)
    OSMemDbgListPtr                          0x200000c4   Data           4  os_var.o(.data)
    OSMemQty                                 0x200000c8   Data           2  os_var.o(.data)
    OSMutexDbgListPtr                        0x200000cc   Data           4  os_var.o(.data)
    OSMutexQty                               0x200000d0   Data           2  os_var.o(.data)
    OSPrioCur                                0x200000d2   Data           1  os_var.o(.data)
    OSPrioHighRdy                            0x200000d3   Data           1  os_var.o(.data)
    OSPrioSaved                              0x200000d4   Data           1  os_var.o(.data)
    OSQDbgListPtr                            0x200000d8   Data           4  os_var.o(.data)
    OSQQty                                   0x200000dc   Data           2  os_var.o(.data)
    OSSchedLockTimeBegin                     0x200000e0   Data           4  os_var.o(.data)
    OSSchedLockTimeMax                       0x200000e4   Data           4  os_var.o(.data)
    OSSchedLockTimeMaxCur                    0x200000e8   Data           4  os_var.o(.data)
    OSSchedLockNestingCtr                    0x200000ec   Data           1  os_var.o(.data)
    OSSchedRoundRobinDfltTimeQuanta          0x200000f0   Data           4  os_var.o(.data)
    OSSchedRoundRobinEn                      0x200000f4   Data           1  os_var.o(.data)
    OSSemDbgListPtr                          0x200000f8   Data           4  os_var.o(.data)
    OSSemQty                                 0x200000fc   Data           2  os_var.o(.data)
    OSStatResetFlag                          0x200000fe   Data           1  os_var.o(.data)
    OSStatTaskCPUUsage                       0x20000100   Data           2  os_var.o(.data)
    OSStatTaskCPUUsageMax                    0x20000102   Data           2  os_var.o(.data)
    OSStatTaskCtr                            0x20000104   Data           4  os_var.o(.data)
    OSStatTaskCtrMax                         0x20000108   Data           4  os_var.o(.data)
    OSStatTaskCtrRun                         0x2000010c   Data           4  os_var.o(.data)
    OSStatTaskRdy                            0x20000110   Data           1  os_var.o(.data)
    OSStatTaskTimeMax                        0x20000114   Data           4  os_var.o(.data)
    OSTaskCtxSwCtr                           0x20000118   Data           4  os_var.o(.data)
    OSTaskDbgListPtr                         0x2000011c   Data           4  os_var.o(.data)
    OSTaskQty                                0x20000120   Data           2  os_var.o(.data)
    OSTaskRegNextAvailID                     0x20000122   Data           1  os_var.o(.data)
    OSTickCtr                                0x20000124   Data           4  os_var.o(.data)
    OSTickTaskTimeMax                        0x20000128   Data           4  os_var.o(.data)
    OSTmrDbgListPtr                          0x2000012c   Data           4  os_var.o(.data)
    OSTmrQty                                 0x20000130   Data           2  os_var.o(.data)
    OSTmrTaskTimeMax                         0x20000134   Data           4  os_var.o(.data)
    OSTmrTickCtr                             0x20000138   Data           4  os_var.o(.data)
    OSTmrUpdateCnt                           0x2000013c   Data           4  os_var.o(.data)
    OSTmrUpdateCtr                           0x20000140   Data           4  os_var.o(.data)
    OSTCBCurPtr                              0x20000144   Data           4  os_var.o(.data)
    OSTCBHighRdyPtr                          0x20000148   Data           4  os_var.o(.data)
    OS_CPU_ExceptStkBase                     0x2000014c   Data           4  os_cpu_c.o(.data)
    tankA                                    0x20000154   Data          16  app.o(.bss)
    tankB                                    0x20000164   Data          16  app.o(.bss)
    RandomA                                  0x20000174   Data          16  app.o(.bss)
    RandomB                                  0x20000184   Data          16  app.o(.bss)
    bullet                                   0x20000194   Data         800  app.o(.bss)
    bulletA                                  0x200004b4   Data          10  app.o(.bss)
    bulletB                                  0x200004be   Data          10  app.o(.bss)
    packX                                    0x200004c8   Data          12  app.o(.bss)
    CPU_Name                                 0x200047dc   Data          16  cpu_core.o(.bss)
    Mem_PoolHeap                             0x200047ec   Data          72  lib_mem.o(.bss)
    Mem_Heap                                 0x20004834   Data       27648  lib_mem.o(.bss)
    OSCfg_IdleTaskStk                        0x2000b434   Data         512  os_cfg_app.o(.bss)
    OSCfg_IntQ                               0x2000b634   Data         320  os_cfg_app.o(.bss)
    OSCfg_IntQTaskStk                        0x2000b774   Data         512  os_cfg_app.o(.bss)
    OSCfg_ISRStk                             0x2000b974   Data         512  os_cfg_app.o(.bss)
    OSCfg_MsgPool                            0x2000bb74   Data        1600  os_cfg_app.o(.bss)
    OSCfg_StatTaskStk                        0x2000c1b4   Data         512  os_cfg_app.o(.bss)
    OSCfg_TickTaskStk                        0x2000c3b4   Data         512  os_cfg_app.o(.bss)
    OSCfg_TickWheel                          0x2000c5b4   Data         136  os_cfg_app.o(.bss)
    OSCfg_TmrTaskStk                         0x2000c63c   Data         512  os_cfg_app.o(.bss)
    OSCfg_TmrWheel                           0x2000c83c   Data         136  os_cfg_app.o(.bss)
    OSIdleTaskTCB                            0x2000c8c4   Data         200  os_var.o(.bss)
    OSIntQTaskTCB                            0x2000c98c   Data         200  os_var.o(.bss)
    OSMsgPool                                0x2000ca54   Data          12  os_var.o(.bss)
    OSRdyList                                0x2000ca60   Data         384  os_var.o(.bss)
    OSStatTaskTCB                            0x2000cbe0   Data         200  os_var.o(.bss)
    OSTickTaskTCB                            0x2000cca8   Data         200  os_var.o(.bss)
    OSTmrTaskTCB                             0x2000cd70   Data         200  os_var.o(.bss)
    __initial_sp                             0x2000d238   Data           0  startup_stm32f10x_hd.o(STACK)



==============================================================================

Memory Map of the image

  Image Entry point : 0x08000131

  Load Region LR_IROM1 (Base: 0x08000000, Size: 0x0007d504, Max: 0x00080000, ABSOLUTE, COMPRESSED[0x0007d3ec])

    Execution Region ER_IROM1 (Base: 0x08000000, Size: 0x0007d3b0, Max: 0x00080000, ABSOLUTE)

    Base Addr    Size         Type   Attr      Idx    E Section Name        Object

    0x08000000   0x00000130   Data   RO            3    RESET               startup_stm32f10x_hd.o
    0x08000130   0x00000000   Code   RO         5857  * .ARM.Collect$$$$00000000  mc_w.l(entry.o)
    0x08000130   0x00000004   Code   RO         5867    .ARM.Collect$$$$00000001  mc_w.l(entry2.o)
    0x08000134   0x00000004   Code   RO         5870    .ARM.Collect$$$$00000004  mc_w.l(entry5.o)
    0x08000138   0x00000000   Code   RO         5872    .ARM.Collect$$$$00000008  mc_w.l(entry7b.o)
    0x08000138   0x00000000   Code   RO         5874    .ARM.Collect$$$$0000000A  mc_w.l(entry8b.o)
    0x08000138   0x00000008   Code   RO         5875    .ARM.Collect$$$$0000000B  mc_w.l(entry9a.o)
    0x08000140   0x00000000   Code   RO         5877    .ARM.Collect$$$$0000000D  mc_w.l(entry10a.o)
    0x08000140   0x00000000   Code   RO         5879    .ARM.Collect$$$$0000000F  mc_w.l(entry11a.o)
    0x08000140   0x00000004   Code   RO         5868    .ARM.Collect$$$$00002712  mc_w.l(entry2.o)
    0x08000144   0x00000024   Code   RO            4    .text               startup_stm32f10x_hd.o
    0x08000168   0x00000034   Code   RO         4177    .text               cpu_a.o
    0x0800019c   0x00000024   Code   RO         5860    .text               mc_w.l(rand.o)
    0x080001c0   0x00000024   Code   RO         5863    .text               mc_w.l(memcpya.o)
    0x080001e4   0x00000024   Code   RO         5881    .text               mc_w.l(init.o)
    0x08000208   0x00000056   Code   RO         5891    .text               mc_w.l(__dczerorl2.o)
    0x0800025e   0x00000002   PAD
    0x08000260   0x00000084   Code   RO         5776    CODE                os_cpu_a.o
    0x080002e4   0x00000284   Code   RO         3171    i.AppTaskAstar      app.o
    0x08000568   0x000002b8   Code   RO         3172    i.AppTaskAstar_B    app.o
    0x08000820   0x00000104   Code   RO         3173    i.AppTaskBullet     app.o
    0x08000924   0x000000a8   Code   RO         3174    i.AppTaskDead       app.o
    0x080009cc   0x00000044   Code   RO         3175    i.AppTaskPackage    app.o
    0x08000a10   0x000001cc   Code   RO         3176    i.AppTaskPad1       app.o
    0x08000bdc   0x000001cc   Code   RO         3177    i.AppTaskPad2       app.o
    0x08000da8   0x0000009c   Code   RO         3178    i.AppTaskStart      app.o
    0x08000e44   0x0000023c   Code   RO         3179    i.AppTaskStartGame  app.o
    0x08001080   0x00000010   Code   RO         3453    i.BSP_CPU_ClkFreq   bsp.o
    0x08001090   0x0000004e   Code   RO         3701    i.BulletDisappear   bullet.o
    0x080010de   0x00000212   Code   RO         3702    i.BulletHittingTank  bullet.o
    0x080012f0   0x000001cc   Code   RO         3703    i.BulletHittingWall  bullet.o
    0x080014bc   0x000000d6   Code   RO         3704    i.BulletMove        bullet.o
    0x08001592   0x00000068   Code   RO         3705    i.Bullet_load       bullet.o
    0x080015fa   0x00000004   Code   RO         3108    i.BusFault_Handler  stm32f10x_it.o
    0x080015fe   0x00000010   Code   RO         4013    i.CPU_Init          cpu_core.o
    0x0800160e   0x00000002   PAD
    0x08001610   0x00000084   Code   RO         4014    i.CPU_IntDisMeasInit  cpu_core.o
    0x08001694   0x0000001c   Code   RO         4015    i.CPU_IntDisMeasMaxCalc  cpu_core.o
    0x080016b0   0x0000002c   Code   RO         4016    i.CPU_IntDisMeasMaxCurGet  cpu_core.o
    0x080016dc   0x0000002c   Code   RO         4017    i.CPU_IntDisMeasMaxCurReset  cpu_core.o
    0x08001708   0x0000002c   Code   RO         4018    i.CPU_IntDisMeasMaxGet  cpu_core.o
    0x08001734   0x00000034   Code   RO         4019    i.CPU_IntDisMeasStart  cpu_core.o
    0x08001768   0x00000054   Code   RO         4020    i.CPU_IntDisMeasStop  cpu_core.o
    0x080017bc   0x00000038   Code   RO         4021    i.CPU_NameClr       cpu_core.o
    0x080017f4   0x00000008   Code   RO         4023    i.CPU_NameInit      cpu_core.o
    0x080017fc   0x00000014   Code   RO         4027    i.CPU_TS_Init       cpu_core.o
    0x08001810   0x0000000c   Code   RO         4029    i.CPU_TS_TmrFreqSet  cpu_core.o
    0x0800181c   0x00000034   Code   RO         3455    i.CPU_TS_TmrInit    bsp.o
    0x08001850   0x0000000c   Code   RO         3456    i.CPU_TS_TmrRd      bsp.o
    0x0800185c   0x00000002   Code   RO         3109    i.DebugMon_Handler  stm32f10x_it.o
    0x0800185e   0x00000002   PAD
    0x08001860   0x00000034   Code   RO         1177    i.FSMC_NORSRAMCmd   stm32f10x_fsmc.o
    0x08001894   0x000000e6   Code   RO         1179    i.FSMC_NORSRAMInit  stm32f10x_fsmc.o
    0x0800197a   0x00000116   Code   RO         1292    i.GPIO_Init         stm32f10x_gpio.o
    0x08001a90   0x00000004   Code   RO         1299    i.GPIO_ResetBits    stm32f10x_gpio.o
    0x08001a94   0x00000004   Code   RO         1300    i.GPIO_SetBits      stm32f10x_gpio.o
    0x08001a98   0x00000004   Code   RO         3110    i.HardFault_Handler  stm32f10x_it.o
    0x08001a9c   0x00000024   Code   RO         3489    i.ILI9341_BackLed_Control  bsp_ili9341_lcd.o
    0x08001ac0   0x0000002c   Code   RO         3490    i.ILI9341_Clear     bsp_ili9341_lcd.o
    0x08001aec   0x00000012   Code   RO         3491    i.ILI9341_Delay     bsp_ili9341_lcd.o
    0x08001afe   0x00000138   Code   RO         3496    i.ILI9341_DrawCircle  bsp_ili9341_lcd.o
    0x08001c36   0x000000a0   Code   RO         3497    i.ILI9341_DrawLine  bsp_ili9341_lcd.o
    0x08001cd6   0x00000002   PAD
    0x08001cd8   0x00000088   Code   RO         3498    i.ILI9341_DrawRectangle  bsp_ili9341_lcd.o
    0x08001d60   0x0000005e   Code   RO         3499    i.ILI9341_FSMC_Config  bsp_ili9341_lcd.o
    0x08001dbe   0x00000020   Code   RO         3500    i.ILI9341_FillColor  bsp_ili9341_lcd.o
    0x08001dde   0x00000002   PAD
    0x08001de0   0x00000198   Code   RO         3501    i.ILI9341_GPIO_Config  bsp_ili9341_lcd.o
    0x08001f78   0x000000b8   Code   RO         3503    i.ILI9341_GramScan  bsp_ili9341_lcd.o
    0x08002030   0x00000028   Code   RO         3504    i.ILI9341_Init      bsp_ili9341_lcd.o
    0x08002058   0x00000058   Code   RO         3505    i.ILI9341_OpenWindow  bsp_ili9341_lcd.o
    0x080020b0   0x00000230   Code   RO         3506    i.ILI9341_REG_Config  bsp_ili9341_lcd.o
    0x080022e0   0x00000028   Code   RO         3508    i.ILI9341_Rst       bsp_ili9341_lcd.o
    0x08002308   0x00000014   Code   RO         3509    i.ILI9341_SetCursor  bsp_ili9341_lcd.o
    0x0800231c   0x00000038   Code   RO         3510    i.ILI9341_SetPointPixel  bsp_ili9341_lcd.o
    0x08002354   0x00000008   Code   RO         3511    i.ILI9341_Write_Cmd  bsp_ili9341_lcd.o
    0x0800235c   0x0000000c   Code   RO         3512    i.ILI9341_Write_Data  bsp_ili9341_lcd.o
    0x08002368   0x00000070   Code   RO         3854    i.JOYPAD2_Init      joypad.o
    0x080023d8   0x0000006c   Code   RO         3855    i.JOYPAD2_Read      joypad.o
    0x08002444   0x0000000e   Code   RO         3856    i.JOYPAD_Delay      joypad.o
    0x08002452   0x00000002   PAD
    0x08002454   0x00000078   Code   RO         3857    i.JOYPAD_Init       joypad.o
    0x080024cc   0x0000006c   Code   RO         3858    i.JOYPAD_Read       joypad.o
    0x08002538   0x00000014   Code   RO         3517    i.LCD_SetColors     bsp_ili9341_lcd.o
    0x0800254c   0x0000000c   Code   RO         3518    i.LCD_SetFont       bsp_ili9341_lcd.o
    0x08002558   0x0000000c   Code   RO         3519    i.LCD_SetTextColor  bsp_ili9341_lcd.o
    0x08002564   0x00000004   Code   RO         3111    i.MemManage_Handler  stm32f10x_it.o
    0x08002568   0x00000012   Code   RO         4369    i.Mem_Clr           lib_mem.o
    0x0800257a   0x00000002   PAD
    0x0800257c   0x00000048   Code   RO         4373    i.Mem_Init          lib_mem.o
    0x080025c4   0x00000062   Code   RO         4386    i.Mem_Set           lib_mem.o
    0x08002626   0x00000002   Code   RO         3112    i.NMI_Handler       stm32f10x_it.o
    0x08002628   0x00000002   Code   RO         4643    i.OSCfg_Init        os_cfg_app.o
    0x0800262a   0x00000002   PAD
    0x0800262c   0x00000014   Code   RO         5779    i.OSIdleTaskHook    os_cpu_c.o
    0x08002640   0x0000018c   Code   RO         4666    i.OSInit            os_core.o
    0x080027cc   0x00000038   Code   RO         5780    i.OSInitHook        os_cpu_c.o
    0x08002804   0x000000e4   Code   RO         4668    i.OSIntExit         os_core.o
    0x080028e8   0x000000a8   Code   RO         4669    i.OSSched           os_core.o
    0x08002990   0x0000007c   Code   RO         4670    i.OSSchedLock       os_core.o
    0x08002a0c   0x0000006c   Code   RO         4671    i.OSSchedRoundRobinCfg  os_core.o
    0x08002a78   0x000000a0   Code   RO         4673    i.OSSchedUnlock     os_core.o
    0x08002b18   0x00000068   Code   RO         4674    i.OSStart           os_core.o
    0x08002b80   0x00000168   Code   RO         5384    i.OSStatReset       os_stat.o
    0x08002ce8   0x00000100   Code   RO         5385    i.OSStatTaskCPUUsageInit  os_stat.o
    0x08002de8   0x00000014   Code   RO         5781    i.OSStatTaskHook    os_cpu_c.o
    0x08002dfc   0x00000294   Code   RO         5415    i.OSTaskCreate      os_task.o
    0x08003090   0x00000018   Code   RO         5782    i.OSTaskCreateHook  os_cpu_c.o
    0x080030a8   0x00000208   Code   RO         5416    i.OSTaskDel         os_task.o
    0x080032b0   0x00000018   Code   RO         5783    i.OSTaskDelHook     os_cpu_c.o
    0x080032c8   0x00000088   Code   RO         5424    i.OSTaskResume      os_task.o
    0x08003350   0x00000018   Code   RO         5784    i.OSTaskReturnHook  os_cpu_c.o
    0x08003368   0x00000250   Code   RO         5425    i.OSTaskSemPend     os_task.o
    0x080035b8   0x000000e4   Code   RO         5429    i.OSTaskStkChk      os_task.o
    0x0800369c   0x000000c0   Code   RO         5785    i.OSTaskStkInit     os_cpu_c.o
    0x0800375c   0x00000060   Code   RO         5430    i.OSTaskSuspend     os_task.o
    0x080037bc   0x000000a4   Code   RO         5786    i.OSTaskSwHook      os_cpu_c.o
    0x08003860   0x00000150   Code   RO         5630    i.OSTimeDly         os_time.o
    0x080039b0   0x00000044   Code   RO         5635    i.OSTimeTick        os_time.o
    0x080039f4   0x00000014   Code   RO         5787    i.OSTimeTickHook    os_cpu_c.o
    0x08003a08   0x00000040   Code   RO         5788    i.OS_CPU_SysTickHandler  os_cpu_c.o
    0x08003a48   0x00000030   Code   RO         5789    i.OS_CPU_SysTickInit  os_cpu_c.o
    0x08003a78   0x000001b4   Code   RO         4912    i.OS_Dbg_Init       os_dbg.o
    0x08003c2c   0x00000018   Code   RO         4937    i.OS_FlagInit       os_flag.o
    0x08003c44   0x0000027c   Code   RO         4938    i.OS_FlagPost       os_flag.o
    0x08003ec0   0x00000056   Code   RO         4939    i.OS_FlagTaskRdy    os_flag.o
    0x08003f16   0x00000002   PAD
    0x08003f18   0x0000004c   Code   RO         4676    i.OS_IdleTask       os_core.o
    0x08003f64   0x00000070   Code   RO         4677    i.OS_IdleTaskInit   os_core.o
    0x08003fd4   0x00000104   Code   RO         5011    i.OS_IntQPost       os_int.o
    0x080040d8   0x000001a4   Code   RO         5012    i.OS_IntQRePost     os_int.o
    0x0800427c   0x000000c8   Code   RO         5013    i.OS_IntQTask       os_int.o
    0x08004344   0x00000128   Code   RO         5014    i.OS_IntQTaskInit   os_int.o
    0x0800446c   0x00000018   Code   RO         5045    i.OS_MemInit        os_mem.o
    0x08004484   0x0000007c   Code   RO         5077    i.OS_MsgPoolInit    os_msg.o
    0x08004500   0x00000044   Code   RO         5078    i.OS_MsgQFreeAll    os_msg.o
    0x08004544   0x0000000e   Code   RO         5080    i.OS_MsgQInit       os_msg.o
    0x08004552   0x00000002   PAD
    0x08004554   0x00000104   Code   RO         5081    i.OS_MsgQPut        os_msg.o
    0x08004658   0x00000018   Code   RO         5121    i.OS_MutexInit      os_mutex.o
    0x08004670   0x00000068   Code   RO         4678    i.OS_Pend           os_core.o
    0x080046d8   0x00000026   Code   RO         4681    i.OS_PendDataInit   os_core.o
    0x080046fe   0x00000002   PAD
    0x08004700   0x0000005c   Code   RO         4682    i.OS_PendDbgNameAdd  os_core.o
    0x0800475c   0x00000024   Code   RO         4683    i.OS_PendDbgNameRemove  os_core.o
    0x08004780   0x00000066   Code   RO         4687    i.OS_PendListInsertPrio  os_core.o
    0x080047e6   0x00000030   Code   RO         4688    i.OS_PendListRemove  os_core.o
    0x08004816   0x00000042   Code   RO         4689    i.OS_PendListRemove1  os_core.o
    0x08004858   0x000000c0   Code   RO         4692    i.OS_Post           os_core.o
    0x08004918   0x0000002a   Code   RO         4693    i.OS_Post1          os_core.o
    0x08004942   0x00000002   PAD
    0x08004944   0x00000028   Code   RO         5203    i.OS_PrioGetHighest  os_prio.o
    0x0800496c   0x00000018   Code   RO         5204    i.OS_PrioInit       os_prio.o
    0x08004984   0x00000024   Code   RO         5205    i.OS_PrioInsert     os_prio.o
    0x080049a8   0x00000024   Code   RO         5206    i.OS_PrioRemove     os_prio.o
    0x080049cc   0x00000018   Code   RO         5249    i.OS_QInit          os_q.o
    0x080049e4   0x00000188   Code   RO         5250    i.OS_QPost          os_q.o
    0x08004b6c   0x00000024   Code   RO         4694    i.OS_RdyListInit    os_core.o
    0x08004b90   0x0000002c   Code   RO         4695    i.OS_RdyListInsert  os_core.o
    0x08004bbc   0x00000040   Code   RO         4696    i.OS_RdyListInsertHead  os_core.o
    0x08004bfc   0x0000003c   Code   RO         4697    i.OS_RdyListInsertTail  os_core.o
    0x08004c38   0x00000044   Code   RO         4698    i.OS_RdyListMoveHeadToTail  os_core.o
    0x08004c7c   0x0000005c   Code   RO         4699    i.OS_RdyListRemove  os_core.o
    0x08004cd8   0x0000005c   Code   RO         4700    i.OS_Sched0         os_core.o
    0x08004d34   0x0000001c   Code   RO         4701    i.OS_SchedLockTimeMeasStart  os_core.o
    0x08004d50   0x0000003c   Code   RO         4702    i.OS_SchedLockTimeMeasStop  os_core.o
    0x08004d8c   0x000000ec   Code   RO         4703    i.OS_SchedRoundRobin  os_core.o
    0x08004e78   0x00000018   Code   RO         5321    i.OS_SemInit        os_sem.o
    0x08004e90   0x00000198   Code   RO         5322    i.OS_SemPost        os_sem.o
    0x08005028   0x000003b8   Code   RO         5386    i.OS_StatTask       os_stat.o
    0x080053e0   0x000000cc   Code   RO         5387    i.OS_StatTaskInit   os_stat.o
    0x080054ac   0x00000038   Code   RO         4704    i.OS_TaskBlock      os_core.o
    0x080054e4   0x00000030   Code   RO         5432    i.OS_TaskDbgListAdd  os_task.o
    0x08005514   0x00000044   Code   RO         5433    i.OS_TaskDbgListRemove  os_task.o
    0x08005558   0x00000020   Code   RO         5434    i.OS_TaskInit       os_task.o
    0x08005578   0x000000d0   Code   RO         5435    i.OS_TaskInitTCB    os_task.o
    0x08005648   0x0000026c   Code   RO         5436    i.OS_TaskQPost      os_task.o
    0x080058b4   0x0000001c   Code   RO         4705    i.OS_TaskRdy        os_core.o
    0x080058d0   0x0000017c   Code   RO         5437    i.OS_TaskResume     os_task.o
    0x08005a4c   0x00000018   Code   RO         5438    i.OS_TaskReturn     os_task.o
    0x08005a64   0x000005a8   Code   RO         5439    i.OS_TaskSemPost    os_task.o
    0x0800600c   0x00000190   Code   RO         5440    i.OS_TaskSuspend    os_task.o
    0x0800619c   0x00000028   Code   RO         5582    i.OS_TickListInit   os_tick.o
    0x080061c4   0x000001bc   Code   RO         5583    i.OS_TickListInsert  os_tick.o
    0x08006380   0x00000038   Code   RO         5584    i.OS_TickListRemove  os_tick.o
    0x080063b8   0x00000024   Code   RO         5585    i.OS_TickListResetPeak  os_tick.o
    0x080063dc   0x00000220   Code   RO         5586    i.OS_TickListUpdate  os_tick.o
    0x080065fc   0x0000002c   Code   RO         5587    i.OS_TickTask       os_tick.o
    0x08006628   0x000000b8   Code   RO         5588    i.OS_TickTaskInit   os_tick.o
    0x080066e0   0x00000128   Code   RO         5681    i.OS_TmrInit        os_tmr.o
    0x08006808   0x000000d0   Code   RO         5682    i.OS_TmrLink        os_tmr.o
    0x080068d8   0x00000024   Code   RO         5683    i.OS_TmrResetPeak   os_tmr.o
    0x080068fc   0x000000c0   Code   RO         5684    i.OS_TmrTask        os_tmr.o
    0x080069bc   0x00000050   Code   RO         5685    i.OS_TmrUnlink      os_tmr.o
    0x08006a0c   0x00000020   Code   RO         1707    i.RCC_AHBPeriphClockCmd  stm32f10x_rcc.o
    0x08006a2c   0x00000020   Code   RO         1710    i.RCC_APB2PeriphClockCmd  stm32f10x_rcc.o
    0x08006a4c   0x000000d4   Code   RO         1718    i.RCC_GetClocksFreq  stm32f10x_rcc.o
    0x08006b20   0x00000024   Code   RO         3706    i.Rectangle         bullet.o
    0x08006b44   0x00000002   Code   RO         3114    i.SVC_Handler       stm32f10x_it.o
    0x08006b46   0x00000008   Code   RO           24    i.SetSysClock       system_stm32f10x.o
    0x08006b4e   0x00000002   PAD
    0x08006b50   0x000000e0   Code   RO           25    i.SetSysClockTo72   system_stm32f10x.o
    0x08006c30   0x00000060   Code   RO           27    i.SystemInit        system_stm32f10x.o
    0x08006c90   0x00000058   Code   RO         3707    i.Tank_change       bullet.o
    0x08006ce8   0x00000034   Code   RO         3708    i.Tank_eatPackage   bullet.o
    0x08006d1c   0x000007fc   Code   RO         3894    i.Tank_move         element.o
    0x08007518   0x0000037c   Code   RO         3895    i.Tank_turn         element.o
    0x08007894   0x00000004   Code   RO         3116    i.UsageFault_Handler  stm32f10x_it.o
    0x08007898   0x0000000e   Code   RO         5885    i.__scatterload_copy  mc_w.l(handlers.o)
    0x080078a6   0x00000002   Code   RO         5886    i.__scatterload_null  mc_w.l(handlers.o)
    0x080078a8   0x0000000e   Code   RO         5887    i.__scatterload_zeroinit  mc_w.l(handlers.o)
    0x080078b6   0x000000d4   Code   RO         3709    i.clear_3_Bullet    bullet.o
    0x0800798a   0x00000116   Code   RO         3710    i.clear_heavy_Bullet  bullet.o
    0x08007aa0   0x0000001a   Code   RO         3711    i.clear_package     bullet.o
    0x08007aba   0x00000002   PAD
    0x08007abc   0x000000a0   Code   RO         3712    i.creat_package     bullet.o
    0x08007b5c   0x00000012   Code   RO         3896    i.delay             element.o
    0x08007b6e   0x00000106   Code   RO         3713    i.draw_3_Bullet     bullet.o
    0x08007c74   0x00000086   Code   RO         3714    i.draw_Bullet       bullet.o
    0x08007cfa   0x00000002   PAD
    0x08007cfc   0x000006ac   Code   RO         3897    i.draw_Tank         element.o
    0x080083a8   0x00000146   Code   RO         3715    i.draw_heavy_Bullet  bullet.o
    0x080084ee   0x000005b4   Code   RO         3716    i.draw_package      bullet.o
    0x08008aa2   0x000000e0   Code   RO         3898    i.is_Wall           element.o
    0x08008b82   0x00000002   PAD
    0x08008b84   0x00000120   Code   RO         3180    i.main              app.o
    0x08008ca4   0x00000058   Code   RO         3975    i.map               map.o
    0x08008cfc   0x00000058   Code   RO         3976    i.map_end           map.o
    0x08008d54   0x00000058   Code   RO         3977    i.map_start         map.o
    0x08008dac   0x00000024   Code   RO         3899    i.sort              element.o
    0x08008dd0   0x00000050   Data   RO         3182    .constdata          app.o
    0x08008e20   0x00003b60   Data   RO         3688    .constdata          fonts.o
    0x0800c980   0x00070800   Data   RO         3978    .constdata          map.o
    0x0807d180   0x000000a4   Data   RO         4645    .constdata          os_cfg_app.o
    0x0807d224   0x0000016c   Data   RO         4913    .constdata          os_dbg.o
    0x0807d390   0x00000020   Data   RO         5883    Region$$Table       anon$$obj.o


    Execution Region RW_IRAM1 (Base: 0x20000000, Size: 0x0000d238, Max: 0x00010000, ABSOLUTE, COMPRESSED[0x0000003c])

    Base Addr    Size         Type   Attr      Idx    E Section Name        Object

    0x20000000   0x00000014   Data   RW         1738    .data               stm32f10x_rcc.o
    0x20000014   0x0000000e   Data   RW         3183    .data               app.o
    0x20000022   0x00000002   PAD
    0x20000024   0x00000010   Data   RW         3520    .data               bsp_ili9341_lcd.o
    0x20000034   0x00000018   Data   RW         3689    .data               fonts.o
    0x2000004c   0x00000008   Data   RW         3717    .data               bullet.o
    0x20000054   0x00000004   Data   RW         3900    .data               element.o
    0x20000058   0x0000001c   Data   RW         4033    .data               cpu_core.o
    0x20000074   0x00000004   Data   RW         4388    .data               lib_mem.o
    0x20000078   0x00000004   Data   RW         5207    .data               os_prio.o
    0x2000007c   0x000000d0   Data   RW         5763    .data               os_var.o
    0x2000014c   0x00000004   Data   RW         5790    .data               os_cpu_c.o
    0x20000150   0x00000004   Data   RW         5861    .data               mc_w.l(rand.o)
    0x20000154   0x00004688   Zero   RW         3181    .bss                app.o
    0x200047dc   0x00000010   Zero   RW         4031    .bss                cpu_core.o
    0x200047ec   0x00006c48   Zero   RW         4387    .bss                lib_mem.o
    0x2000b434   0x00001490   Zero   RW         4644    .bss                os_cfg_app.o
    0x2000c8c4   0x00000574   Zero   RW         5762    .bss                os_var.o
    0x2000ce38   0x00000400   Zero   RW            1    STACK               startup_stm32f10x_hd.o


==============================================================================

Image component sizes


      Code (inc. data)   RO Data    RW Data    ZI Data      Debug   Object Name

      3772        476         80         14      18056      40264   app.o
        80         14          0          0          0       1518   bsp.o
      2292         96          0         16          0      14235   bsp_ili9341_lcd.o
      4420         22          0          8          0      12836   bullet.o
         0          0          0          0          0       4500   core_cm3.o
        52          0          0          0          0        352   cpu_a.o
       540         98          0         28         16      16601   cpu_core.o
      4922         24          0          4          0       5631   element.o
         0          0      15200         24          0       1365   fonts.o
       462         34          0          0          0       2821   joypad.o
       188         18          0          4      27720      13659   lib_mem.o
       264         18     460800          0          0       2317   map.o
         0          0          0          0          0      40731   os_app_hooks.o
         2          0        164          0       5264      21006   os_cfg_app.o
      3060        414          0          0          0      20507   os_core.o
       132         32          0          0          0        396   os_cpu_a.o
       656         68          0          4          0       8345   os_cpu_c.o
       436        286        364          0          0       4841   os_dbg.o
       746         28          0          0          0       3145   os_flag.o
      1176        204          0          0          0       3554   os_int.o
        24         10          0          0          0        897   os_mem.o
       466         26          0          0          0       3285   os_msg.o
        24         10          0          0          0        899   os_mutex.o
       136         16          0          4          0       2898   os_prio.o
       416         20          0          0          0       2242   os_q.o
       432         14          0          0          0       2266   os_sem.o
      1772        214          0          0          0       4115   os_stat.o
      5460        260          0          0          0      14024   os_task.o
      1348        124          0          0          0       5561   os_tick.o
       404         28          0          0          0       1789   os_time.o
       812        134          0          0          0       4212   os_tmr.o
         0          0          0        208       1396      19513   os_var.o
        36          8        304          0       1024        888   startup_stm32f10x_hd.o
       282          6          0          0          0       1881   stm32f10x_fsmc.o
       286          0          0          0          0       3124   stm32f10x_gpio.o
        22          0          0          0          0       3167   stm32f10x_it.o
       276         32          0         20          0       4545   stm32f10x_rcc.o
       328         28          0          0          0     230349   system_stm32f10x.o

    ----------------------------------------------------------------------
     35754       2762     476944        336      53476     524279   Object Totals
         0          0         32          0          0          0   (incl. Generated)
        30          0          0          2          0          0   (incl. Padding)

    ----------------------------------------------------------------------

      Code (inc. data)   RO Data    RW Data    ZI Data      Debug   Library Member Name

        86          0          0          0          0          0   __dczerorl2.o
         0          0          0          0          0          0   entry.o
         0          0          0          0          0          0   entry10a.o
         0          0          0          0          0          0   entry11a.o
         8          4          0          0          0          0   entry2.o
         4          0          0          0          0          0   entry5.o
         0          0          0          0          0          0   entry7b.o
         0          0          0          0          0          0   entry8b.o
         8          4          0          0          0          0   entry9a.o
        30          0          0          0          0          0   handlers.o
        36          8          0          0          0         68   init.o
        36          0          0          0          0         68   memcpya.o
        36         10          0          4          0        136   rand.o

    ----------------------------------------------------------------------
       246         26          0          4          0        272   Library Totals
         2          0          0          0          0          0   (incl. Padding)

    ----------------------------------------------------------------------

      Code (inc. data)   RO Data    RW Data    ZI Data      Debug   Library Name

       244         26          0          4          0        272   mc_w.l

    ----------------------------------------------------------------------
       246         26          0          4          0        272   Library Totals

    ----------------------------------------------------------------------

==============================================================================


      Code (inc. data)   RO Data    RW Data    ZI Data      Debug   

     36000       2788     476944        340      53476     515007   Grand Totals
     36000       2788     476944         60      53476     515007   ELF Image Totals (compressed)
     36000       2788     476944         60          0          0   ROM Totals

==============================================================================

    Total RO  Size (Code + RO Data)               512944 ( 500.92kB)
    Total RW  Size (RW Data + ZI Data)             53816 (  52.55kB)
    Total ROM Size (Code + RO Data + RW Data)     513004 ( 500.98kB)

==============================================================================

